Archive member included because of file (symbol)

/Users/tehn/avr32-tools-20140411/lib/gcc/avr32/4.4.7/ucr1/libgcc.a(_lshrdi3.o)
                              avr32/drivers/flashc/flashc.o (__avr32_lsr64)
/Users/tehn/avr32-tools-20140411/lib/gcc/avr32/4.4.7/ucr1/libgcc.a(_ashldi3.o)
                              avr32/drivers/flashc/flashc.o (__avr32_lsl64)
/Users/tehn/avr32-tools-20140411/lib/gcc/avr32/4.4.7/ucr1/libgcc.a(_udivdi3.o)
                              ../scatter/main.o (__avr32_udiv64)
/Users/tehn/avr32-tools-20140411/lib/gcc/avr32/4.4.7/../../../../avr32/lib/ucr1/libc.a(lib_a-atexit.o)
                              /Users/tehn/avr32-tools-20140411/lib/gcc/avr32/4.4.7/../../../../avr32/lib/ucr1/crt0.o (atexit)
/Users/tehn/avr32-tools-20140411/lib/gcc/avr32/4.4.7/../../../../avr32/lib/ucr1/libc.a(lib_a-exit.o)
                              /Users/tehn/avr32-tools-20140411/lib/gcc/avr32/4.4.7/../../../../avr32/lib/ucr1/crt0.o (exit)
/Users/tehn/avr32-tools-20140411/lib/gcc/avr32/4.4.7/../../../../avr32/lib/ucr1/libc.a(lib_a-impure.o)
                              /Users/tehn/avr32-tools-20140411/lib/gcc/avr32/4.4.7/../../../../avr32/lib/ucr1/libc.a(lib_a-exit.o) (_global_impure_ptr)
/Users/tehn/avr32-tools-20140411/lib/gcc/avr32/4.4.7/../../../../avr32/lib/ucr1/libc.a(lib_a-memcpy.o)
                              avr32/drivers/flashc/flashc.o (memcpy)
/Users/tehn/avr32-tools-20140411/lib/gcc/avr32/4.4.7/../../../../avr32/lib/ucr1/libc.a(lib_a-memset.o)
                              ../scatter/main.o (memset)
/Users/tehn/avr32-tools-20140411/lib/gcc/avr32/4.4.7/../../../../avr32/lib/ucr1/libc.a(lib_a-syscalls.o)
                              /Users/tehn/avr32-tools-20140411/lib/gcc/avr32/4.4.7/../../../../avr32/lib/ucr1/crt0.o (_init_startup)
/Users/tehn/avr32-tools-20140411/lib/gcc/avr32/4.4.7/../../../../avr32/lib/ucr1/libc.a(lib_a-__atexit.o)
                              /Users/tehn/avr32-tools-20140411/lib/gcc/avr32/4.4.7/../../../../avr32/lib/ucr1/libc.a(lib_a-atexit.o) (__register_exitproc)
/Users/tehn/avr32-tools-20140411/lib/gcc/avr32/4.4.7/../../../../avr32/lib/ucr1/libc.a(lib_a-__call_atexit.o)
                              /Users/tehn/avr32-tools-20140411/lib/gcc/avr32/4.4.7/../../../../avr32/lib/ucr1/libc.a(lib_a-exit.o) (__call_exitprocs)
/Users/tehn/avr32-tools-20140411/lib/gcc/avr32/4.4.7/../../../../avr32/lib/ucr1/libc.a(lib_a-errno.o)
                              /Users/tehn/avr32-tools-20140411/lib/gcc/avr32/4.4.7/../../../../avr32/lib/ucr1/libc.a(lib_a-syscalls.o) (__errno)
/Users/tehn/avr32-tools-20140411/lib/gcc/avr32/4.4.7/../../../../avr32/lib/ucr1/libc.a(lib_a-findfp.o)
                              /Users/tehn/avr32-tools-20140411/lib/gcc/avr32/4.4.7/../../../../avr32/lib/ucr1/libc.a(lib_a-impure.o) (__sf_fake_stdin)
/Users/tehn/avr32-tools-20140411/lib/gcc/avr32/4.4.7/../../../../avr32/lib/ucr1/libc.a(lib_a-fwalk.o)
                              /Users/tehn/avr32-tools-20140411/lib/gcc/avr32/4.4.7/../../../../avr32/lib/ucr1/libc.a(lib_a-findfp.o) (_fwalk)
/Users/tehn/avr32-tools-20140411/lib/gcc/avr32/4.4.7/../../../../avr32/lib/ucr1/libc.a(lib_a-malloc.o)
                              /Users/tehn/avr32-tools-20140411/lib/gcc/avr32/4.4.7/../../../../avr32/lib/ucr1/libc.a(lib_a-__call_atexit.o) (free)
/Users/tehn/avr32-tools-20140411/lib/gcc/avr32/4.4.7/../../../../avr32/lib/ucr1/libc.a(lib_a-mallocr.o)
                              /Users/tehn/avr32-tools-20140411/lib/gcc/avr32/4.4.7/../../../../avr32/lib/ucr1/libc.a(lib_a-findfp.o) (_malloc_r)
/Users/tehn/avr32-tools-20140411/lib/gcc/avr32/4.4.7/../../../../avr32/lib/ucr1/libc.a(lib_a-mlock.o)
                              /Users/tehn/avr32-tools-20140411/lib/gcc/avr32/4.4.7/../../../../avr32/lib/ucr1/libc.a(lib_a-mallocr.o) (__malloc_lock)
/Users/tehn/avr32-tools-20140411/lib/gcc/avr32/4.4.7/../../../../avr32/lib/ucr1/libc.a(lib_a-reent.o)
                              /Users/tehn/avr32-tools-20140411/lib/gcc/avr32/4.4.7/../../../../avr32/lib/ucr1/libc.a(lib_a-syscalls.o) (errno)
/Users/tehn/avr32-tools-20140411/lib/gcc/avr32/4.4.7/../../../../avr32/lib/ucr1/libc.a(lib_a-sbrkr.o)
                              /Users/tehn/avr32-tools-20140411/lib/gcc/avr32/4.4.7/../../../../avr32/lib/ucr1/libc.a(lib_a-mallocr.o) (_sbrk_r)
/Users/tehn/avr32-tools-20140411/lib/gcc/avr32/4.4.7/../../../../avr32/lib/ucr1/libc.a(lib_a-stdio.o)
                              /Users/tehn/avr32-tools-20140411/lib/gcc/avr32/4.4.7/../../../../avr32/lib/ucr1/libc.a(lib_a-findfp.o) (__sclose)
/Users/tehn/avr32-tools-20140411/lib/gcc/avr32/4.4.7/../../../../avr32/lib/ucr1/libc.a(lib_a-writer.o)
                              /Users/tehn/avr32-tools-20140411/lib/gcc/avr32/4.4.7/../../../../avr32/lib/ucr1/libc.a(lib_a-stdio.o) (_write_r)
/Users/tehn/avr32-tools-20140411/lib/gcc/avr32/4.4.7/../../../../avr32/lib/ucr1/libc.a(lib_a-closer.o)
[...]
Memory Configuration

Name             Origin             Length             Attributes
FLASH            0x0000000080000000 0x0000000000040000 axrl !w
INTRAM           0x0000000000000004 0x0000000000007ffc axw !rl
USERPAGE         0x0000000080800000 0x0000000000000200
*default*        0x0000000000000000 0xffffffffffffffff

Linker script and memory map

                0x0000000000001000                _stack_size = 0x1000
LOAD /Users/tehn/avr32-tools-20140411/lib/gcc/avr32/4.4.7/../../../../avr32/lib/ucr1/crt0.o
LOAD /Users/tehn/avr32-tools-20140411/lib/gcc/avr32/4.4.7/ucr1/crti.o
LOAD /Users/tehn/avr32-tools-20140411/lib/gcc/avr32/4.4.7/ucr1/crtbegin.o
                0xffffffffffffffff                __max_heap_size__ = 0xffffffffffffffff
                [0xffffffffffffffff]                __heap_size__ = DEFINED (__heap_size__)?__heap_size__:__max_heap_size__
                [0x0000000000001000]                __stack_size__ = DEFINED (__stack_size__)?__stack_size__:0x1000
                [0x0000000000020000]                __flash_nvram_size__ = DEFINED (__flash_nvram_size__)?__flash_nvram_size__:0x20000
                0x0000000080000000                PROVIDE (__executable_start, 0x80000000)
                0x0000000080000000                . = 0x80000000

.interp
 *(.interp)

.reset          0x0000000080000000     0x2004
 *(.reset)
 .reset         0x0000000080000000     0x2004 avr32/utils/startup/trampoline_uc3.o
                                       0x2008 (size before relaxing)
                0x0000000080000000                _trampoline

.hash
 *(.hash)

.dynsym
 *(.dynsym)

.dynstr
 *(.dynstr)

.gnu.version
 *(.gnu.version)

.gnu.version_d
 *(.gnu.version_d)

.gnu.version_r
 *(.gnu.version_r)

.rel.init
 *(.rel.init)

.rela.init
 *(.rela.init)

.rel.text
 *(.rel.text .rel.text.* .rel.gnu.linkonce.t.*)

.rela.text
 *(.rela.text .rela.text.* .rela.gnu.linkonce.t.*)

.rel.fini
 *(.rel.fini)

.rela.fini
 *(.rela.fini)

.rel.rodata
 *(.rel.rodata .rel.rodata.* .rel.gnu.linkonce.r.*)

.rela.rodata
 *(.rela.rodata .rela.rodata.* .rela.gnu.linkonce.r.*)

.rel.data.rel.ro
 *(.rel.data.rel.ro*)

.rela.data.rel.ro
 *(.rel.data.rel.ro*)

.rel.data
 *(.rel.data .rel.data.* .rel.gnu.linkonce.d.*)

.rela.data
 *(.rela.data .rela.data.* .rela.gnu.linkonce.d.*)

.rel.tdata
 *(.rel.tdata .rel.tdata.* .rel.gnu.linkonce.td.*)

.rela.tdata
 *(.rela.tdata .rela.tdata.* .rela.gnu.linkonce.td.*)

.rel.tbss
 *(.rel.tbss .rel.tbss.* .rel.gnu.linkonce.tb.*)

.rela.tbss
 *(.rela.tbss .rela.tbss.* .rela.gnu.linkonce.tb.*)

.rel.ctors
 *(.rel.ctors)

.rela.ctors
 *(.rela.ctors)

.rel.dtors
 *(.rel.dtors)

.rela.dtors
 *(.rela.dtors)

.rel.got
 *(.rel.got)

.rela.got       0x0000000080002004        0x0
 *(.rela.got)
 .rela.got      0x0000000080002004        0x0 /Users/tehn/avr32-tools-20140411/lib/gcc/avr32/4.4.7/../../../../avr32/lib/ucr1/crt0.o

.rel.bss
 *(.rel.bss .rel.bss.* .rel.gnu.linkonce.b.*)

.rela.bss
 *(.rela.bss .rela.bss.* .rela.gnu.linkonce.b.*)

.rel.plt
 *(.rel.plt)

.rela.plt
 *(.rela.plt)

.init           0x0000000080002004       0x1a
 *(.init)
 .init          0x0000000080002004       0x10 /Users/tehn/avr32-tools-20140411/lib/gcc/avr32/4.4.7/ucr1/crti.o
                0x0000000080002004                _init
 .init          0x0000000080002014        0x2 /Users/tehn/avr32-tools-20140411/lib/gcc/avr32/4.4.7/ucr1/crtbegin.o
                                          0x4 (size before relaxing)
 .init          0x0000000080002016        0x4 /Users/tehn/avr32-tools-20140411/lib/gcc/avr32/4.4.7/ucr1/crtend.o
 .init          0x000000008000201a        0x4 /Users/tehn/avr32-tools-20140411/lib/gcc/avr32/4.4.7/ucr1/crtn.o

.plt
 *(.plt)

.text           0x0000000080002020     0x10c4
 *(.text .stub .text.* .gnu.linkonce.t.*)
 .text          0x0000000080002020       0x5c /Users/tehn/avr32-tools-20140411/lib/gcc/avr32/4.4.7/../../../../avr32/lib/ucr1/crt0.o
                                         0x84 (size before relaxing)
                0x0000000080002020                _stext
 .text.__do_global_dtors_aux
                0x000000008000207c       0x3c /Users/tehn/avr32-tools-20140411/lib/gcc/avr32/4.4.7/ucr1/crtbegin.o
                                         0x48 (size before relaxing)
 .text.frame_dummy
                0x00000000800020b8       0x18 /Users/tehn/avr32-tools-20140411/lib/gcc/avr32/4.4.7/ucr1/crtbegin.o
                                         0x1c (size before relaxing)
 .text.main     0x00000000800020d0      0x260 ../scatter/main.o
                                        0x2e4 (size before relaxing)
                0x00000000800020d0                main
 .text.adc_configure
                0x0000000080002330       0x12 avr32/drivers/adc/adc.o
                0x0000000080002330                adc_configure
 .text.adc_start
                0x0000000080002342        0x6 avr32/drivers/adc/adc.o
                0x0000000080002342                adc_start
 .text.adc_enable
                0x0000000080002348        0xa avr32/drivers/adc/adc.o
                0x0000000080002348                adc_enable
 .text.adc_get_value
                0x0000000080002352       0x18 avr32/drivers/adc/adc.o
                0x0000000080002352                adc_get_value
 .text.gpio_enable_module_pin
                0x000000008000236a       0x4e avr32/drivers/gpio/gpio.o
                0x000000008000236a                gpio_enable_module_pin
 .text.gpio_enable_module
                0x00000000800023b8       0x20 avr32/drivers/gpio/gpio.o
                                         0x28 (size before relaxing)
                0x00000000800023b8                gpio_enable_module
 .text.flashc_set_bus_freq
                0x00000000800023d8       0x28 avr32/drivers/flashc/flashc.o
                0x00000000800023d8                flashc_set_bus_freq
 .text._unhandled_interrupt
                0x0000000080002400        0x2 avr32/drivers/intc/intc.o
 *fill*         0x0000000080002402        0x2 d703d703
 .text.INTC_init_interrupts
                0x0000000080002404       0x44 avr32/drivers/intc/intc.o
                                         0x4c (size before relaxing)
                0x0000000080002404                INTC_init_interrupts
 .text._get_interrupt_handler
                0x0000000080002448       0x34 avr32/drivers/intc/intc.o
                                         0x38 (size before relaxing)
                0x0000000080002448                _get_interrupt_handler
 .text.pwm_channel_init
                0x000000008000247c       0x30 avr32/drivers/pwm/pwm.o
                0x000000008000247c                pwm_channel_init
 .text.pwm_start_channels
                0x00000000800024ac       0x12 avr32/drivers/pwm/pwm.o
                0x00000000800024ac                pwm_start_channels
 .text.pwm_async_update_channel
                0x00000000800024be       0x20 avr32/drivers/pwm/pwm.o
                0x00000000800024be                pwm_async_update_channel
 .text.pwm_init
                0x00000000800024de       0x44 avr32/drivers/pwm/pwm.o
                0x00000000800024de                pwm_init
 .text.T.62     0x0000000080002522       0x34 common/services/clock/uc3b0_b1/sysclk.o
 *fill*         0x0000000080002556        0x2 d703d703
 .text.pll_enable_config_defaults
                0x0000000080002558       0x4c common/services/clock/uc3b0_b1/sysclk.o
                                         0x54 (size before relaxing)
 .text.sysclk_init
                0x00000000800025a4       0x30 common/services/clock/uc3b0_b1/sysclk.o
                                         0x3c (size before relaxing)
                0x00000000800025a4                sysclk_init
 .text.__udivdi3
                0x00000000800025d4      0x288 /Users/tehn/avr32-tools-20140411/lib/gcc/avr32/4.4.7/ucr1/libgcc.a(_udivdi3.o)
                0x00000000800025d4                __udivdi3
                0x00000000800025d4                __avr32_udiv64
 .text.atexit   0x000000008000285c       0x10 /Users/tehn/avr32-tools-20140411/lib/gcc/avr32/4.4.7/../../../../avr32/lib/ucr1/libc.a(lib_a-atexit.o)
                                         0x14 (size before relaxing)
                0x000000008000285c                atexit
 .text.exit     0x000000008000286c       0x1c /Users/tehn/avr32-tools-20140411/lib/gcc/avr32/4.4.7/../../../../avr32/lib/ucr1/libc.a(lib_a-exit.o)
                                         0x28 (size before relaxing)
                0x000000008000286c                exit
 .text.memset   0x0000000080002888        0xe /Users/tehn/avr32-tools-20140411/lib/gcc/avr32/4.4.7/../../../../avr32/lib/ucr1/libc.a(lib_a-memset.o)
                0x0000000080002888                memset
 .text._init_startup
                0x0000000080002896        0x2 /Users/tehn/avr32-tools-20140411/lib/gcc/avr32/4.4.7/../../../../avr32/lib/ucr1/libc.a(lib_a-syscalls.o)
                0x0000000080002896                _init_startup
 .text._init_argv
                0x0000000080002898        0xa /Users/tehn/avr32-tools-20140411/lib/gcc/avr32/4.4.7/../../../../avr32/lib/ucr1/libc.a(lib_a-syscalls.o)
                0x0000000080002898                _init_argv
 .text._exit    0x00000000800028a2        0xa /Users/tehn/avr32-tools-20140411/lib/gcc/avr32/4.4.7/../../../../avr32/lib/ucr1/libc.a(lib_a-syscalls.o)
                0x00000000800028a2                _exit
 .text._sbrk    0x00000000800028ac       0x38 /Users/tehn/avr32-tools-20140411/lib/gcc/avr32/4.4.7/../../../../avr32/lib/ucr1/libc.a(lib_a-syscalls.o)
                                         0x40 (size before relaxing)
                0x00000000800028ac                _sbrk
 .text.__register_exitproc
                0x00000000800028e4       0xa0 /Users/tehn/avr32-tools-20140411/lib/gcc/avr32/4.4.7/../../../../avr32/lib/ucr1/libc.a(lib_a-__atexit.o)
                                         0xac (size before relaxing)
                0x00000000800028e4                __register_exitproc
 .text.__call_exitprocs
                0x0000000080002984       0xc8 /Users/tehn/avr32-tools-20140411/lib/gcc/avr32/4.4.7/../../../../avr32/lib/ucr1/libc.a(lib_a-__call_atexit.o)
                                         0xd0 (size before relaxing)
                0x0000000080002984                __call_exitprocs
 .text.__errno  0x0000000080002a4c        0xc /Users/tehn/avr32-tools-20140411/lib/gcc/avr32/4.4.7/../../../../avr32/lib/ucr1/libc.a(lib_a-errno.o)
                0x0000000080002a4c                __errno
 .text.free     0x0000000080002a58       0x10 /Users/tehn/avr32-tools-20140411/lib/gcc/avr32/4.4.7/../../../../avr32/lib/ucr1/libc.a(lib_a-malloc.o)
                                         0x18 (size before relaxing)
                0x0000000080002a58                free
 .text.malloc   0x0000000080002a68       0x10 /Users/tehn/avr32-tools-20140411/lib/gcc/avr32/4.4.7/../../../../avr32/lib/ucr1/libc.a(lib_a-malloc.o)
                                         0x18 (size before relaxing)
                0x0000000080002a68                malloc
 .text._malloc_r
                0x0000000080002a78      0x428 /Users/tehn/avr32-tools-20140411/lib/gcc/avr32/4.4.7/../../../../avr32/lib/ucr1/libc.a(lib_a-mallocr.o)
                                        0x44c (size before relaxing)
                0x0000000080002a78                _malloc_r
 .text.__malloc_lock
                0x0000000080002ea0        0x2 /Users/tehn/avr32-tools-20140411/lib/gcc/avr32/4.4.7/../../../../avr32/lib/ucr1/libc.a(lib_a-mlock.o)
                0x0000000080002ea0                __malloc_lock
 .text.__malloc_unlock
                0x0000000080002ea2        0x2 /Users/tehn/avr32-tools-20140411/lib/gcc/avr32/4.4.7/../../../../avr32/lib/ucr1/libc.a(lib_a-mlock.o)
                0x0000000080002ea2                __malloc_unlock
 .text._sbrk_r  0x0000000080002ea4       0x20 /Users/tehn/avr32-tools-20140411/lib/gcc/avr32/4.4.7/../../../../avr32/lib/ucr1/libc.a(lib_a-sbrkr.o)
                                         0x28 (size before relaxing)
                0x0000000080002ea4                _sbrk_r
 .text._malloc_trim_r
                0x0000000080002ec4       0x8c /Users/tehn/avr32-tools-20140411/lib/gcc/avr32/4.4.7/../../../../avr32/lib/ucr1/libc.a(lib_a-freer.o)
                                         0xa8 (size before relaxing)
                0x0000000080002ec4                _malloc_trim_r
 .text._free_r  0x0000000080002f50      0x180 /Users/tehn/avr32-tools-20140411/lib/gcc/avr32/4.4.7/../../../../avr32/lib/ucr1/libc.a(lib_a-freer.o)
                                        0x19c (size before relaxing)
                0x0000000080002f50                _free_r
 .text.__do_global_ctors_aux
                0x00000000800030d0       0x14 /Users/tehn/avr32-tools-20140411/lib/gcc/avr32/4.4.7/ucr1/crtend.o
                                         0x18 (size before relaxing)
 *(.text.*personality*)
 *(.gnu.warning)

.exception      0x0000000080003200      0x200
 .exception     0x0000000080003200      0x200 avr32/drivers/intc/exception.o
                0x0000000080003200                _evba
                0x0000000080003304                _int0
                0x0000000080003312                _int1
                0x0000000080003320                _int2
                0x000000008000332e                _int3

.fini           0x0000000080003400       0x18
 *(.fini)
 .fini          0x0000000080003400       0x10 /Users/tehn/avr32-tools-20140411/lib/gcc/avr32/4.4.7/ucr1/crti.o
                0x0000000080003400                _fini
 .fini          0x0000000080003410        0x4 /Users/tehn/avr32-tools-20140411/lib/gcc/avr32/4.4.7/ucr1/crtbegin.o
 .fini          0x0000000080003414        0x4 /Users/tehn/avr32-tools-20140411/lib/gcc/avr32/4.4.7/ucr1/crtn.o
                0x0000000080003418                PROVIDE (__etext, .)
                0x0000000080003418                PROVIDE (_etext, .)
                0x0000000080003418                PROVIDE (etext, .)

.rodata         0x0000000080003418      0x108
 *(.rodata .rodata.* .gnu.linkonce.r.*)
 .rodata.ADC_GPIO_MAP
                0x0000000080003418       0x10 ../scatter/main.o
                0x0000000080003418                ADC_GPIO_MAP
 .rodata._int_handler_table
                0x0000000080003428       0x90 avr32/drivers/intc/intc.o
 .rodata.str1.4
                0x00000000800034b8        0x4 /Users/tehn/avr32-tools-20140411/lib/gcc/avr32/4.4.7/../../../../avr32/lib/ucr1/libc.a(lib_a-impure.o)
 .rodata._global_impure_ptr
                0x00000000800034bc        0x4 /Users/tehn/avr32-tools-20140411/lib/gcc/avr32/4.4.7/../../../../avr32/lib/ucr1/libc.a(lib_a-impure.o)
                0x00000000800034bc                _global_impure_ptr
 .rodata.__sf_fake_stdin
                0x00000000800034c0       0x20 /Users/tehn/avr32-tools-20140411/lib/gcc/avr32/4.4.7/../../../../avr32/lib/ucr1/libc.a(lib_a-findfp.o)
                0x00000000800034c0                __sf_fake_stdin
 .rodata.__sf_fake_stdout
                0x00000000800034e0       0x20 /Users/tehn/avr32-tools-20140411/lib/gcc/avr32/4.4.7/../../../../avr32/lib/ucr1/libc.a(lib_a-findfp.o)
                0x00000000800034e0                __sf_fake_stdout
 .rodata.__sf_fake_stderr
                0x0000000080003500       0x20 /Users/tehn/avr32-tools-20140411/lib/gcc/avr32/4.4.7/../../../../avr32/lib/ucr1/libc.a(lib_a-findfp.o)
                0x0000000080003500                __sf_fake_stderr

.rodata1
 *(.rodata1)

.eh_frame_hdr
 *(.eh_frame_hdr)

.eh_frame
 *(.eh_frame)

.gcc_except_table
 *(.gcc_except_table)
 *(.gcc_except_table.*)

.lalign         0x0000000080003520        0x0
                0x0000000080003520                . = ALIGN (0x8)
                0x0000000080003520                PROVIDE (_data_lma, .)
                0x0000000000000004                . = ORIGIN (INTRAM)

.dalign         0x0000000000000004        0x4
                0x0000000000000008                . = ALIGN (0x8)
 *fill*         0x0000000000000004        0x4 
                0x0000000000000008                PROVIDE (_data, .)

.eh_frame
 *(.eh_frame)

.gcc_except_table
 *(.gcc_except_table)
 *(.gcc_except_table.*)

.tdata
 *(.tdata .tdata.* .gnu.linkonce.td.*)

.tbss
 *(.tbss .tbss.* .gnu.linkonce.tb.*)
 *(.tcommon)
                0x0000000000000008                PROVIDE (__preinit_array_start, ALIGN (0x4))

.preinit_array
 *(.preinit_array)
                0x0000000000000008                PROVIDE (__preinit_array_end, .)
                0x0000000000000008                PROVIDE (__init_array_start, .)

.init_array
 *(.init_array)
                0x0000000000000008                PROVIDE (__init_array_end, .)
                0x0000000000000008                PROVIDE (__fini_array_start, .)

.fini_array
 *(.fini_array)
                0x0000000000000008                PROVIDE (__fini_array_end, .)

.ctors          0x0000000000000008        0x8 load address 0x0000000080003520
 *crtbegin*.o(.ctors)
 .ctors         0x0000000000000008        0x4 /Users/tehn/avr32-tools-20140411/lib/gcc/avr32/4.4.7/ucr1/crtbegin.o
 *(EXCLUDE_FILE(*crtend*.o) .ctors)
 *(SORT(.ctors.*))
 *(.ctors)
 .ctors         0x000000000000000c        0x4 /Users/tehn/avr32-tools-20140411/lib/gcc/avr32/4.4.7/ucr1/crtend.o

.dtors          0x0000000000000010        0x8 load address 0x0000000080003528
 *crtbegin*.o(.dtors)
 .dtors         0x0000000000000010        0x4 /Users/tehn/avr32-tools-20140411/lib/gcc/avr32/4.4.7/ucr1/crtbegin.o
 *(EXCLUDE_FILE(*crtend*.o) .dtors)
 *(SORT(.dtors.*))
 *(.dtors)
 .dtors         0x0000000000000014        0x4 /Users/tehn/avr32-tools-20140411/lib/gcc/avr32/4.4.7/ucr1/crtend.o
                0x0000000000000014                __DTOR_END__

.jcr            0x0000000000000018        0x4 load address 0x0000000080003530
 *(.jcr)
 .jcr           0x0000000000000018        0x0 /Users/tehn/avr32-tools-20140411/lib/gcc/avr32/4.4.7/ucr1/crtbegin.o
 .jcr           0x0000000000000018        0x4 /Users/tehn/avr32-tools-20140411/lib/gcc/avr32/4.4.7/ucr1/crtend.o

.data.rel.ro
 *(.data.rel.ro.local)
 *(.data.rel.ro*)

.dynamic
 *(.dynamic)

.got            0x000000000000001c        0x0 load address 0x0000000080003534
 *(.got.plt)
 *(.got)
 .got           0x000000000000001c        0x0 /Users/tehn/avr32-tools-20140411/lib/gcc/avr32/4.4.7/../../../../avr32/lib/ucr1/crt0.o
                0x000000000000001c                _GLOBAL_OFFSET_TABLE_

.ramtext
 *(.ramtext .ramtext.*)

.ddalign        0x000000000000001c        0x0 load address 0x0000000080003534
                0x0000000000000020                . = ALIGN (0x8)

.data           0x000000000000001c      0x504 load address 0x0000000080003534
 *(.data .data.* .gnu.linkonce.d.*)
 .data.impure_data
                0x000000000000001c       0xf0 /Users/tehn/avr32-tools-20140411/lib/gcc/avr32/4.4.7/../../../../avr32/lib/ucr1/libc.a(lib_a-impure.o)
 .data._impure_ptr
                0x000000000000010c        0x4 /Users/tehn/avr32-tools-20140411/lib/gcc/avr32/4.4.7/../../../../avr32/lib/ucr1/libc.a(lib_a-impure.o)
                0x000000000000010c                _impure_ptr
 .data.__malloc_av_
                0x0000000000000110      0x408 /Users/tehn/avr32-tools-20140411/lib/gcc/avr32/4.4.7/../../../../avr32/lib/ucr1/libc.a(lib_a-mallocr.o)
                0x0000000000000110                __malloc_av_
 .data.__malloc_trim_threshold
                0x0000000000000518        0x4 /Users/tehn/avr32-tools-20140411/lib/gcc/avr32/4.4.7/../../../../avr32/lib/ucr1/libc.a(lib_a-mallocr.o)
                0x0000000000000518                __malloc_trim_threshold
 .data.__malloc_sbrk_base
                0x000000000000051c        0x4 /Users/tehn/avr32-tools-20140411/lib/gcc/avr32/4.4.7/../../../../avr32/lib/ucr1/libc.a(lib_a-mallocr.o)
                0x000000000000051c                __malloc_sbrk_base
 *(.gnu.linkonce.d.*personality*)

.data1
 *(.data1)

.balign         0x0000000000000520        0x0 load address 0x0000000080003a38
                0x0000000000000520                . = ALIGN (0x8)
 *fill*         0x0000000000000520        0x0 
                0x0000000000000520                PROVIDE (_edata, .)
                0x0000000000000520                PROVIDE (edata, .)
                0x0000000000000520                __bss_start = .

.bss            0x0000000000000520       0xe8
 *(.dynbss)
 *(.bss .bss.* .gnu.linkonce.b.*)
 .bss.completed.2746
                0x0000000000000520        0x1 /Users/tehn/avr32-tools-20140411/lib/gcc/avr32/4.4.7/ucr1/crtbegin.o
 *fill*         0x0000000000000521        0x3 
 .bss.dtor_idx.2748
                0x0000000000000524        0x4 /Users/tehn/avr32-tools-20140411/lib/gcc/avr32/4.4.7/ucr1/crtbegin.o
 .bss._int_line_handler_table_6
                0x0000000000000528        0x4 avr32/drivers/intc/intc.o
 .bss._int_line_handler_table_7
                0x000000000000052c        0x4 avr32/drivers/intc/intc.o
 .bss._int_line_handler_table_8
                0x0000000000000530        0x4 avr32/drivers/intc/intc.o
 .bss._int_line_handler_table_9
                0x0000000000000534        0x4 avr32/drivers/intc/intc.o
 .bss._int_line_handler_table_10
                0x0000000000000538        0x4 avr32/drivers/intc/intc.o
 .bss._int_line_handler_table_11
                0x000000000000053c        0x4 avr32/drivers/intc/intc.o
 .bss._int_line_handler_table_12
                0x0000000000000540        0x4 avr32/drivers/intc/intc.o
 .bss._int_line_handler_table_13
                0x0000000000000544        0x4 avr32/drivers/intc/intc.o
 .bss._int_line_handler_table_14
                0x0000000000000548        0xc avr32/drivers/intc/intc.o
 .bss._int_line_handler_table_15
                0x0000000000000554        0x4 avr32/drivers/intc/intc.o
 .bss._int_line_handler_table_16
                0x0000000000000558        0x4 avr32/drivers/intc/intc.o
 .bss._int_line_handler_table_17
                0x000000000000055c        0x4 avr32/drivers/intc/intc.o
 .bss._int_line_handler_table_0
                0x0000000000000560        0x4 avr32/drivers/intc/intc.o
 .bss._int_line_handler_table_1
                0x0000000000000564       0x2c avr32/drivers/intc/intc.o
 .bss._int_line_handler_table_2
                0x0000000000000590       0x18 avr32/drivers/intc/intc.o
 .bss._int_line_handler_table_3
                0x00000000000005a8       0x1c avr32/drivers/intc/intc.o
 .bss._int_line_handler_table_4
                0x00000000000005c4        0x4 avr32/drivers/intc/intc.o
 .bss._int_line_handler_table_5
                0x00000000000005c8        0x4 avr32/drivers/intc/intc.o
 .bss.cur_heap_pos.1869
                0x00000000000005cc        0x4 /Users/tehn/avr32-tools-20140411/lib/gcc/avr32/4.4.7/../../../../avr32/lib/ucr1/libc.a(lib_a-syscalls.o)
 .bss.__malloc_max_total_mem
                0x00000000000005d0        0x4 /Users/tehn/avr32-tools-20140411/lib/gcc/avr32/4.4.7/../../../../avr32/lib/ucr1/libc.a(lib_a-mallocr.o)
                0x00000000000005d0                __malloc_max_total_mem
 .bss.__malloc_max_sbrked_mem
                0x00000000000005d4        0x4 /Users/tehn/avr32-tools-20140411/lib/gcc/avr32/4.4.7/../../../../avr32/lib/ucr1/libc.a(lib_a-mallocr.o)
                0x00000000000005d4                __malloc_max_sbrked_mem
 .bss.__malloc_top_pad
                0x00000000000005d8        0x4 /Users/tehn/avr32-tools-20140411/lib/gcc/avr32/4.4.7/../../../../avr32/lib/ucr1/libc.a(lib_a-mallocr.o)
                0x00000000000005d8                __malloc_top_pad
 .bss.__malloc_current_mallinfo
                0x00000000000005dc       0x28 /Users/tehn/avr32-tools-20140411/lib/gcc/avr32/4.4.7/../../../../avr32/lib/ucr1/libc.a(lib_a-mallocr.o)
                0x00000000000005dc                __malloc_current_mallinfo
 *(COMMON)
 COMMON         0x0000000000000604        0x4 /Users/tehn/avr32-tools-20140411/lib/gcc/avr32/4.4.7/../../../../avr32/lib/ucr1/libc.a(lib_a-reent.o)
                0x0000000000000604                errno
                0x0000000000000608                . = ALIGN (0x8)
                0x0000000000000608                . = ALIGN (0x8)
                0x0000000000000608                _end = .
                0x0000000000000608                PROVIDE (end, .)
                0x0000000000000608                __heap_start__ = ALIGN (0x8)

.heap           0x0000000000000608     0x69f8
 *(.heap)
                0x00000000000069f8                . = (__heap_size__ == __max_heap_size__)?(((ORIGIN (INTRAM) + 0x7ffc) - __stack_size__) - ABSOLUTE (.)):__heap_size__
 *fill*         0x0000000000000608     0x69f8 
                0x0000000000007000                __heap_end__ = .

.stab
 *(.stab)

.stabstr
 *(.stabstr)

.stab.excl
 *(.stab.excl)

.stab.exclstr
 *(.stab.exclstr)

.stab.index
 *(.stab.index)

.stab.indexstr
 *(.stab.indexstr)

.comment        0x0000000000000000       0x28
 *(.comment)
 .comment       0x0000000000000000       0x28 /Users/tehn/avr32-tools-20140411/lib/gcc/avr32/4.4.7/ucr1/crtbegin.o
                                         0x29 (size before relaxing)
 .comment       0x0000000000000000       0x29 ../scatter/main.o
 .comment       0x0000000000000000       0x29 avr32/drivers/adc/adc.o
 .comment       0x0000000000000000       0x29 avr32/drivers/gpio/gpio.o
 .comment       0x0000000000000000       0x29 avr32/drivers/flashc/flashc.o
 .comment       0x0000000000000000       0x29 avr32/drivers/intc/intc.o
 .comment       0x0000000000000000       0x29 avr32/drivers/pwm/pwm.o
 .comment       0x0000000000000000       0x29 common/services/clock/uc3b0_b1/sysclk.o
 .comment       0x0000000000000000       0x29 /Users/tehn/avr32-tools-20140411/lib/gcc/avr32/4.4.7/ucr1/libgcc.a(_udivdi3.o)
 .comment       0x0000000000000000       0x29 /Users/tehn/avr32-tools-20140411/lib/gcc/avr32/4.4.7/../../../../avr32/lib/ucr1/libc.a(lib_a-atexit.o)
 .comment       0x0000000000000000       0x29 /Users/tehn/avr32-tools-20140411/lib/gcc/avr32/4.4.7/../../../../avr32/lib/ucr1/libc.a(lib_a-exit.o)
 .comment       0x0000000000000000       0x29 /Users/tehn/avr32-tools-20140411/lib/gcc/avr32/4.4.7/../../../../avr32/lib/ucr1/libc.a(lib_a-impure.o)
 .comment       0x0000000000000000       0x29 /Users/tehn/avr32-tools-20140411/lib/gcc/avr32/4.4.7/../../../../avr32/lib/ucr1/libc.a(lib_a-memset.o)
 .comment       0x0000000000000000       0x29 /Users/tehn/avr32-tools-20140411/lib/gcc/avr32/4.4.7/../../../../avr32/lib/ucr1/libc.a(lib_a-syscalls.o)
 .comment       0x0000000000000000       0x29 /Users/tehn/avr32-tools-20140411/lib/gcc/avr32/4.4.7/../../../../avr32/lib/ucr1/libc.a(lib_a-__atexit.o)
 .comment       0x0000000000000000       0x29 /Users/tehn/avr32-tools-20140411/lib/gcc/avr32/4.4.7/../../../../avr32/lib/ucr1/libc.a(lib_a-__call_atexit.o)
 .comment       0x0000000000000000       0x29 /Users/tehn/avr32-tools-20140411/lib/gcc/avr32/4.4.7/../../../../avr32/lib/ucr1/libc.a(lib_a-errno.o)
 .comment       0x0000000000000000       0x29 /Users/tehn/avr32-tools-20140411/lib/gcc/avr32/4.4.7/../../../../avr32/lib/ucr1/libc.a(lib_a-findfp.o)
 .comment       0x0000000000000000       0x29 /Users/tehn/avr32-tools-20140411/lib/gcc/avr32/4.4.7/../../../../avr32/lib/ucr1/libc.a(lib_a-malloc.o)
 .comment       0x0000000000000000       0x29 /Users/tehn/avr32-tools-20140411/lib/gcc/avr32/4.4.7/../../../../avr32/lib/ucr1/libc.a(lib_a-mallocr.o)
 .comment       0x0000000000000000       0x29 /Users/tehn/avr32-tools-20140411/lib/gcc/avr32/4.4.7/../../../../avr32/lib/ucr1/libc.a(lib_a-mlock.o)
 .comment       0x0000000000000000       0x29 /Users/tehn/avr32-tools-20140411/lib/gcc/avr32/4.4.7/../../../../avr32/lib/ucr1/libc.a(lib_a-reent.o)
 .comment       0x0000000000000000       0x29 /Users/tehn/avr32-tools-20140411/lib/gcc/avr32/4.4.7/../../../../avr32/lib/ucr1/libc.a(lib_a-sbrkr.o)
 .comment       0x0000000000000000       0x29 /Users/tehn/avr32-tools-20140411/lib/gcc/avr32/4.4.7/../../../../avr32/lib/ucr1/libc.a(lib_a-freer.o)
 .comment       0x0000000000000000       0x29 /Users/tehn/avr32-tools-20140411/lib/gcc/avr32/4.4.7/ucr1/crtend.o

.debug
 *(.debug)

.line
 *(.line)

.debug_srcinfo
 *(.debug_srcinfo)

.debug_sfnames
 *(.debug_sfnames)

.debug_aranges  0x0000000000000000      0x7b8
 *(.debug_aranges)
 .debug_aranges
                0x0000000000000000       0x20 ../scatter/main.o
 .debug_aranges
                0x0000000000000020       0x60 avr32/drivers/adc/adc.o
 .debug_aranges
                0x0000000000000080      0x100 avr32/drivers/gpio/gpio.o
 .debug_aranges
                0x0000000000000180      0x218 avr32/drivers/flashc/flashc.o
 .debug_aranges
                0x0000000000000398       0x38 avr32/drivers/intc/intc.o
 .debug_aranges
                0x00000000000003d0       0x48 avr32/drivers/pwm/pwm.o
 .debug_aranges
                0x0000000000000418       0x60 common/services/clock/uc3b0_b1/sysclk.o
 .debug_aranges
                0x0000000000000478       0x20 /Users/tehn/avr32-tools-20140411/lib/gcc/avr32/4.4.7/ucr1/libgcc.a(_udivdi3.o)
 .debug_aranges
                0x0000000000000498       0x20 /Users/tehn/avr32-tools-20140411/lib/gcc/avr32/4.4.7/../../../../avr32/lib/ucr1/libc.a(lib_a-atexit.o)
 .debug_aranges
                0x00000000000004b8       0x20 /Users/tehn/avr32-tools-20140411/lib/gcc/avr32/4.4.7/../../../../avr32/lib/ucr1/libc.a(lib_a-exit.o)
 .debug_aranges
                0x00000000000004d8       0x20 /Users/tehn/avr32-tools-20140411/lib/gcc/avr32/4.4.7/../../../../avr32/lib/ucr1/libc.a(lib_a-memset.o)
 .debug_aranges
                0x00000000000004f8       0xf8 /Users/tehn/avr32-tools-20140411/lib/gcc/avr32/4.4.7/../../../../avr32/lib/ucr1/libc.a(lib_a-syscalls.o)
 .debug_aranges
                0x00000000000005f0       0x20 /Users/tehn/avr32-tools-20140411/lib/gcc/avr32/4.4.7/../../../../avr32/lib/ucr1/libc.a(lib_a-__atexit.o)
 .debug_aranges
                0x0000000000000610       0x20 /Users/tehn/avr32-tools-20140411/lib/gcc/avr32/4.4.7/../../../../avr32/lib/ucr1/libc.a(lib_a-__call_atexit.o)
 .debug_aranges
                0x0000000000000630       0x20 /Users/tehn/avr32-tools-20140411/lib/gcc/avr32/4.4.7/../../../../avr32/lib/ucr1/libc.a(lib_a-errno.o)
 .debug_aranges
                0x0000000000000650       0x80 /Users/tehn/avr32-tools-20140411/lib/gcc/avr32/4.4.7/../../../../avr32/lib/ucr1/libc.a(lib_a-findfp.o)
 .debug_aranges
                0x00000000000006d0       0x28 /Users/tehn/avr32-tools-20140411/lib/gcc/avr32/4.4.7/../../../../avr32/lib/ucr1/libc.a(lib_a-malloc.o)
 .debug_aranges
                0x00000000000006f8       0x20 /Users/tehn/avr32-tools-20140411/lib/gcc/avr32/4.4.7/../../../../avr32/lib/ucr1/libc.a(lib_a-mallocr.o)
 .debug_aranges
                0x0000000000000718       0x28 /Users/tehn/avr32-tools-20140411/lib/gcc/avr32/4.4.7/../../../../avr32/lib/ucr1/libc.a(lib_a-mlock.o)
 .debug_aranges
                0x0000000000000740       0x30 /Users/tehn/avr32-tools-20140411/lib/gcc/avr32/4.4.7/../../../../avr32/lib/ucr1/libc.a(lib_a-reent.o)
 .debug_aranges
                0x0000000000000770       0x20 /Users/tehn/avr32-tools-20140411/lib/gcc/avr32/4.4.7/../../../../avr32/lib/ucr1/libc.a(lib_a-sbrkr.o)
 .debug_aranges
                0x0000000000000790       0x28 /Users/tehn/avr32-tools-20140411/lib/gcc/avr32/4.4.7/../../../../avr32/lib/ucr1/libc.a(lib_a-freer.o)

.debug_pubnames
                0x0000000000000000     0x12b7
 *(.debug_pubnames)
 .debug_pubnames
                0x0000000000000000       0x2c ../scatter/main.o
 .debug_pubnames
                0x000000000000002c       0xb3 avr32/drivers/adc/adc.o
 .debug_pubnames
                0x00000000000000df      0x330 avr32/drivers/gpio/gpio.o
 .debug_pubnames
                0x000000000000040f      0x771 avr32/drivers/flashc/flashc.o
 .debug_pubnames
                0x0000000000000b80       0x62 avr32/drivers/intc/intc.o
 .debug_pubnames
                0x0000000000000be2       0x9a avr32/drivers/pwm/pwm.o
 .debug_pubnames
                0x0000000000000c7c       0xc7 common/services/clock/uc3b0_b1/sysclk.o
 .debug_pubnames
                0x0000000000000d43       0x20 /Users/tehn/avr32-tools-20140411/lib/gcc/avr32/4.4.7/ucr1/libgcc.a(_udivdi3.o)
 .debug_pubnames
                0x0000000000000d63       0x1d /Users/tehn/avr32-tools-20140411/lib/gcc/avr32/4.4.7/../../../../avr32/lib/ucr1/libc.a(lib_a-atexit.o)
 .debug_pubnames
                0x0000000000000d80       0x1b /Users/tehn/avr32-tools-20140411/lib/gcc/avr32/4.4.7/../../../../avr32/lib/ucr1/libc.a(lib_a-exit.o)
 .debug_pubnames
                0x0000000000000d9b       0x39 /Users/tehn/avr32-tools-20140411/lib/gcc/avr32/4.4.7/../../../../avr32/lib/ucr1/libc.a(lib_a-impure.o)
 .debug_pubnames
                0x0000000000000dd4       0x1d /Users/tehn/avr32-tools-20140411/lib/gcc/avr32/4.4.7/../../../../avr32/lib/ucr1/libc.a(lib_a-memset.o)
 .debug_pubnames
                0x0000000000000df1      0x171 /Users/tehn/avr32-tools-20140411/lib/gcc/avr32/4.4.7/../../../../avr32/lib/ucr1/libc.a(lib_a-syscalls.o)
 .debug_pubnames
                0x0000000000000f62       0x2a /Users/tehn/avr32-tools-20140411/lib/gcc/avr32/4.4.7/../../../../avr32/lib/ucr1/libc.a(lib_a-__atexit.o)
 .debug_pubnames
                0x0000000000000f8c       0x27 /Users/tehn/avr32-tools-20140411/lib/gcc/avr32/4.4.7/../../../../avr32/lib/ucr1/libc.a(lib_a-__call_atexit.o)
 .debug_pubnames
                0x0000000000000fb3       0x1e /Users/tehn/avr32-tools-20140411/lib/gcc/avr32/4.4.7/../../../../avr32/lib/ucr1/libc.a(lib_a-errno.o)
 .debug_pubnames
                0x0000000000000fd1      0x119 /Users/tehn/avr32-tools-20140411/lib/gcc/avr32/4.4.7/../../../../avr32/lib/ucr1/libc.a(lib_a-findfp.o)
 .debug_pubnames
                0x00000000000010ea       0x26 /Users/tehn/avr32-tools-20140411/lib/gcc/avr32/4.4.7/../../../../avr32/lib/ucr1/libc.a(lib_a-malloc.o)
 .debug_pubnames
                0x0000000000001110       0xce /Users/tehn/avr32-tools-20140411/lib/gcc/avr32/4.4.7/../../../../avr32/lib/ucr1/libc.a(lib_a-mallocr.o)
 .debug_pubnames
                0x00000000000011de       0x38 /Users/tehn/avr32-tools-20140411/lib/gcc/avr32/4.4.7/../../../../avr32/lib/ucr1/libc.a(lib_a-mlock.o)
 .debug_pubnames
                0x0000000000001216       0x52 /Users/tehn/avr32-tools-20140411/lib/gcc/avr32/4.4.7/../../../../avr32/lib/ucr1/libc.a(lib_a-reent.o)
 .debug_pubnames
                0x0000000000001268       0x1e /Users/tehn/avr32-tools-20140411/lib/gcc/avr32/4.4.7/../../../../avr32/lib/ucr1/libc.a(lib_a-sbrkr.o)
 .debug_pubnames
                0x0000000000001286       0x31 /Users/tehn/avr32-tools-20140411/lib/gcc/avr32/4.4.7/../../../../avr32/lib/ucr1/libc.a(lib_a-freer.o)

.debug_info     0x0000000000000000     0xfb08
 *(.debug_info .gnu.linkonce.wi.*)
 .debug_info    0x0000000000000000     0x1319 ../scatter/main.o
 .debug_info    0x0000000000001319     0x10e9 avr32/drivers/adc/adc.o
 .debug_info    0x0000000000002402      0xb50 avr32/drivers/gpio/gpio.o
 .debug_info    0x0000000000002f52     0x1f63 avr32/drivers/flashc/flashc.o
 .debug_info    0x0000000000004eb5      0x585 avr32/drivers/intc/intc.o
 .debug_info    0x000000000000543a      0xa21 avr32/drivers/pwm/pwm.o
 .debug_info    0x0000000000005e5b     0x1745 common/services/clock/uc3b0_b1/sysclk.o
 .debug_info    0x00000000000075a0      0x587 /Users/tehn/avr32-tools-20140411/lib/gcc/avr32/4.4.7/ucr1/libgcc.a(_udivdi3.o)
 .debug_info    0x0000000000007b27       0xc9 /Users/tehn/avr32-tools-20140411/lib/gcc/avr32/4.4.7/../../../../avr32/lib/ucr1/libc.a(lib_a-atexit.o)
 .debug_info    0x0000000000007bf0      0x8bb /Users/tehn/avr32-tools-20140411/lib/gcc/avr32/4.4.7/../../../../avr32/lib/ucr1/libc.a(lib_a-exit.o)
 .debug_info    0x00000000000084ab      0x964 /Users/tehn/avr32-tools-20140411/lib/gcc/avr32/4.4.7/../../../../avr32/lib/ucr1/libc.a(lib_a-impure.o)
 .debug_info    0x0000000000008e0f       0xd1 /Users/tehn/avr32-tools-20140411/lib/gcc/avr32/4.4.7/../../../../avr32/lib/ucr1/libc.a(lib_a-memset.o)
 .debug_info    0x0000000000008ee0      0x93e /Users/tehn/avr32-tools-20140411/lib/gcc/avr32/4.4.7/../../../../avr32/lib/ucr1/libc.a(lib_a-syscalls.o)
 .debug_info    0x000000000000981e      0x930 /Users/tehn/avr32-tools-20140411/lib/gcc/avr32/4.4.7/../../../../avr32/lib/ucr1/libc.a(lib_a-__atexit.o)
 .debug_info    0x000000000000a14e      0x935 /Users/tehn/avr32-tools-20140411/lib/gcc/avr32/4.4.7/../../../../avr32/lib/ucr1/libc.a(lib_a-__call_atexit.o)
 .debug_info    0x000000000000aa83      0x8aa /Users/tehn/avr32-tools-20140411/lib/gcc/avr32/4.4.7/../../../../avr32/lib/ucr1/libc.a(lib_a-errno.o)
 .debug_info    0x000000000000b32d      0xc2e /Users/tehn/avr32-tools-20140411/lib/gcc/avr32/4.4.7/../../../../avr32/lib/ucr1/libc.a(lib_a-findfp.o)
 .debug_info    0x000000000000bf5b      0x8ee /Users/tehn/avr32-tools-20140411/lib/gcc/avr32/4.4.7/../../../../avr32/lib/ucr1/libc.a(lib_a-malloc.o)
 .debug_info    0x000000000000c849      0xc52 /Users/tehn/avr32-tools-20140411/lib/gcc/avr32/4.4.7/../../../../avr32/lib/ucr1/libc.a(lib_a-mallocr.o)
 .debug_info    0x000000000000d49b      0x8d3 /Users/tehn/avr32-tools-20140411/lib/gcc/avr32/4.4.7/../../../../avr32/lib/ucr1/libc.a(lib_a-mlock.o)
 .debug_info    0x000000000000dd6e      0x977 /Users/tehn/avr32-tools-20140411/lib/gcc/avr32/4.4.7/../../../../avr32/lib/ucr1/libc.a(lib_a-reent.o)
 .debug_info    0x000000000000e6e5      0x8e2 /Users/tehn/avr32-tools-20140411/lib/gcc/avr32/4.4.7/../../../../avr32/lib/ucr1/libc.a(lib_a-sbrkr.o)
 .debug_info    0x000000000000efc7      0xb41 /Users/tehn/avr32-tools-20140411/lib/gcc/avr32/4.4.7/../../../../avr32/lib/ucr1/libc.a(lib_a-freer.o)

.debug_abbrev   0x0000000000000000     0x2a83
 *(.debug_abbrev)
 .debug_abbrev  0x0000000000000000      0x26e ../scatter/main.o
 .debug_abbrev  0x000000000000026e      0x1c9 avr32/drivers/adc/adc.o
 .debug_abbrev  0x0000000000000437      0x2e9 avr32/drivers/gpio/gpio.o
 .debug_abbrev  0x0000000000000720      0x476 avr32/drivers/flashc/flashc.o
 .debug_abbrev  0x0000000000000b96      0x1f2 avr32/drivers/intc/intc.o
 .debug_abbrev  0x0000000000000d88      0x1b5 avr32/drivers/pwm/pwm.o
 .debug_abbrev  0x0000000000000f3d      0x30a common/services/clock/uc3b0_b1/sysclk.o
 .debug_abbrev  0x0000000000001247      0x15c /Users/tehn/avr32-tools-20140411/lib/gcc/avr32/4.4.7/ucr1/libgcc.a(_udivdi3.o)
 .debug_abbrev  0x00000000000013a3       0x83 /Users/tehn/avr32-tools-20140411/lib/gcc/avr32/4.4.7/../../../../avr32/lib/ucr1/libc.a(lib_a-atexit.o)
 .debug_abbrev  0x0000000000001426      0x161 /Users/tehn/avr32-tools-20140411/lib/gcc/avr32/4.4.7/../../../../avr32/lib/ucr1/libc.a(lib_a-exit.o)
 .debug_abbrev  0x0000000000001587      0x162 /Users/tehn/avr32-tools-20140411/lib/gcc/avr32/4.4.7/../../../../avr32/lib/ucr1/libc.a(lib_a-impure.o)
 .debug_abbrev  0x00000000000016e9       0x87 /Users/tehn/avr32-tools-20140411/lib/gcc/avr32/4.4.7/../../../../avr32/lib/ucr1/libc.a(lib_a-memset.o)
 .debug_abbrev  0x0000000000001770      0x19c /Users/tehn/avr32-tools-20140411/lib/gcc/avr32/4.4.7/../../../../avr32/lib/ucr1/libc.a(lib_a-syscalls.o)
 .debug_abbrev  0x000000000000190c      0x1b7 /Users/tehn/avr32-tools-20140411/lib/gcc/avr32/4.4.7/../../../../avr32/lib/ucr1/libc.a(lib_a-__atexit.o)
 .debug_abbrev  0x0000000000001ac3      0x1be /Users/tehn/avr32-tools-20140411/lib/gcc/avr32/4.4.7/../../../../avr32/lib/ucr1/libc.a(lib_a-__call_atexit.o)
 .debug_abbrev  0x0000000000001c81      0x152 /Users/tehn/avr32-tools-20140411/lib/gcc/avr32/4.4.7/../../../../avr32/lib/ucr1/libc.a(lib_a-errno.o)
 .debug_abbrev  0x0000000000001dd3      0x28e /Users/tehn/avr32-tools-20140411/lib/gcc/avr32/4.4.7/../../../../avr32/lib/ucr1/libc.a(lib_a-findfp.o)
 .debug_abbrev  0x0000000000002061      0x17a /Users/tehn/avr32-tools-20140411/lib/gcc/avr32/4.4.7/../../../../avr32/lib/ucr1/libc.a(lib_a-malloc.o)
 .debug_abbrev  0x00000000000021db      0x207 /Users/tehn/avr32-tools-20140411/lib/gcc/avr32/4.4.7/../../../../avr32/lib/ucr1/libc.a(lib_a-mallocr.o)
 .debug_abbrev  0x00000000000023e2      0x15d /Users/tehn/avr32-tools-20140411/lib/gcc/avr32/4.4.7/../../../../avr32/lib/ucr1/libc.a(lib_a-mlock.o)
 .debug_abbrev  0x000000000000253f      0x1e8 /Users/tehn/avr32-tools-20140411/lib/gcc/avr32/4.4.7/../../../../avr32/lib/ucr1/libc.a(lib_a-reent.o)
 .debug_abbrev  0x0000000000002727      0x181 /Users/tehn/avr32-tools-20140411/lib/gcc/avr32/4.4.7/../../../../avr32/lib/ucr1/libc.a(lib_a-sbrkr.o)
 .debug_abbrev  0x00000000000028a8      0x1db /Users/tehn/avr32-tools-20140411/lib/gcc/avr32/4.4.7/../../../../avr32/lib/ucr1/libc.a(lib_a-freer.o)

.debug_line     0x0000000000000000     0x6db6
 *(.debug_line)
 .debug_line    0x0000000000000000      0xb86 ../scatter/main.o
 .debug_line    0x0000000000000b86      0x681 avr32/drivers/adc/adc.o
 .debug_line    0x0000000000001207      0xbaa avr32/drivers/gpio/gpio.o
 .debug_line    0x0000000000001db1     0x1432 avr32/drivers/flashc/flashc.o
 .debug_line    0x00000000000031e3      0x631 avr32/drivers/intc/intc.o
 .debug_line    0x0000000000003814      0x6c6 avr32/drivers/pwm/pwm.o
 .debug_line    0x0000000000003eda      0xa1c common/services/clock/uc3b0_b1/sysclk.o
 .debug_line    0x00000000000048f6      0x193 /Users/tehn/avr32-tools-20140411/lib/gcc/avr32/4.4.7/ucr1/libgcc.a(_udivdi3.o)
 .debug_line    0x0000000000004a89       0xe2 /Users/tehn/avr32-tools-20140411/lib/gcc/avr32/4.4.7/../../../../avr32/lib/ucr1/libc.a(lib_a-atexit.o)
 .debug_line    0x0000000000004b6b      0x1a9 /Users/tehn/avr32-tools-20140411/lib/gcc/avr32/4.4.7/../../../../avr32/lib/ucr1/libc.a(lib_a-exit.o)
 .debug_line    0x0000000000004d14      0x11b /Users/tehn/avr32-tools-20140411/lib/gcc/avr32/4.4.7/../../../../avr32/lib/ucr1/libc.a(lib_a-impure.o)
 .debug_line    0x0000000000004e2f      0x131 /Users/tehn/avr32-tools-20140411/lib/gcc/avr32/4.4.7/../../../../avr32/lib/ucr1/libc.a(lib_a-memset.o)
 .debug_line    0x0000000000004f60      0x54b /Users/tehn/avr32-tools-20140411/lib/gcc/avr32/4.4.7/../../../../avr32/lib/ucr1/libc.a(lib_a-syscalls.o)
 .debug_line    0x00000000000054ab      0x1f4 /Users/tehn/avr32-tools-20140411/lib/gcc/avr32/4.4.7/../../../../avr32/lib/ucr1/libc.a(lib_a-__atexit.o)
 .debug_line    0x000000000000569f      0x219 /Users/tehn/avr32-tools-20140411/lib/gcc/avr32/4.4.7/../../../../avr32/lib/ucr1/libc.a(lib_a-__call_atexit.o)
 .debug_line    0x00000000000058b8      0x141 /Users/tehn/avr32-tools-20140411/lib/gcc/avr32/4.4.7/../../../../avr32/lib/ucr1/libc.a(lib_a-errno.o)
 .debug_line    0x00000000000059f9      0x509 /Users/tehn/avr32-tools-20140411/lib/gcc/avr32/4.4.7/../../../../avr32/lib/ucr1/libc.a(lib_a-findfp.o)
 .debug_line    0x0000000000005f02      0x1b1 /Users/tehn/avr32-tools-20140411/lib/gcc/avr32/4.4.7/../../../../avr32/lib/ucr1/libc.a(lib_a-malloc.o)
 .debug_line    0x00000000000060b3      0x4ea /Users/tehn/avr32-tools-20140411/lib/gcc/avr32/4.4.7/../../../../avr32/lib/ucr1/libc.a(lib_a-mallocr.o)
 .debug_line    0x000000000000659d      0x147 /Users/tehn/avr32-tools-20140411/lib/gcc/avr32/4.4.7/../../../../avr32/lib/ucr1/libc.a(lib_a-mlock.o)
 .debug_line    0x00000000000066e4      0x25f /Users/tehn/avr32-tools-20140411/lib/gcc/avr32/4.4.7/../../../../avr32/lib/ucr1/libc.a(lib_a-reent.o)
 .debug_line    0x0000000000006943      0x1b4 /Users/tehn/avr32-tools-20140411/lib/gcc/avr32/4.4.7/../../../../avr32/lib/ucr1/libc.a(lib_a-sbrkr.o)
 .debug_line    0x0000000000006af7      0x2bf /Users/tehn/avr32-tools-20140411/lib/gcc/avr32/4.4.7/../../../../avr32/lib/ucr1/libc.a(lib_a-freer.o)

.debug_frame    0x0000000000000000     0x12dc
 *(.debug_frame)
 .debug_frame   0x0000000000000000       0x4c /Users/tehn/avr32-tools-20140411/lib/gcc/avr32/4.4.7/ucr1/crtbegin.o
 .debug_frame   0x000000000000004c       0x44 ../scatter/main.o
 .debug_frame   0x0000000000000090       0xa0 avr32/drivers/adc/adc.o
 .debug_frame   0x0000000000000130      0x1fc avr32/drivers/gpio/gpio.o
 .debug_frame   0x000000000000032c      0x738 avr32/drivers/flashc/flashc.o
 .debug_frame   0x0000000000000a64       0x64 avr32/drivers/intc/intc.o
 .debug_frame   0x0000000000000ac8       0x70 avr32/drivers/pwm/pwm.o
 .debug_frame   0x0000000000000b38       0xf4 common/services/clock/uc3b0_b1/sysclk.o
 .debug_frame   0x0000000000000c2c       0x44 /Users/tehn/avr32-tools-20140411/lib/gcc/avr32/4.4.7/ucr1/libgcc.a(_udivdi3.o)
 .debug_frame   0x0000000000000c70       0x28 /Users/tehn/avr32-tools-20140411/lib/gcc/avr32/4.4.7/../../../../avr32/lib/ucr1/libc.a(lib_a-atexit.o)
 .debug_frame   0x0000000000000c98       0x34 /Users/tehn/avr32-tools-20140411/lib/gcc/avr32/4.4.7/../../../../avr32/lib/ucr1/libc.a(lib_a-exit.o)
 .debug_frame   0x0000000000000ccc       0x20 /Users/tehn/avr32-tools-20140411/lib/gcc/avr32/4.4.7/../../../../avr32/lib/ucr1/libc.a(lib_a-memset.o)
 .debug_frame   0x0000000000000cec      0x220 /Users/tehn/avr32-tools-20140411/lib/gcc/avr32/4.4.7/../../../../avr32/lib/ucr1/libc.a(lib_a-syscalls.o)
 .debug_frame   0x0000000000000f0c       0x40 /Users/tehn/avr32-tools-20140411/lib/gcc/avr32/4.4.7/../../../../avr32/lib/ucr1/libc.a(lib_a-__atexit.o)
 .debug_frame   0x0000000000000f4c       0x44 /Users/tehn/avr32-tools-20140411/lib/gcc/avr32/4.4.7/../../../../avr32/lib/ucr1/libc.a(lib_a-__call_atexit.o)
 .debug_frame   0x0000000000000f90       0x20 /Users/tehn/avr32-tools-20140411/lib/gcc/avr32/4.4.7/../../../../avr32/lib/ucr1/libc.a(lib_a-errno.o)
 .debug_frame   0x0000000000000fb0      0x13c /Users/tehn/avr32-tools-20140411/lib/gcc/avr32/4.4.7/../../../../avr32/lib/ucr1/libc.a(lib_a-findfp.o)
 .debug_frame   0x00000000000010ec       0x40 /Users/tehn/avr32-tools-20140411/lib/gcc/avr32/4.4.7/../../../../avr32/lib/ucr1/libc.a(lib_a-malloc.o)
 .debug_frame   0x000000000000112c       0x40 /Users/tehn/avr32-tools-20140411/lib/gcc/avr32/4.4.7/../../../../avr32/lib/ucr1/libc.a(lib_a-mallocr.o)
 .debug_frame   0x000000000000116c       0x30 /Users/tehn/avr32-tools-20140411/lib/gcc/avr32/4.4.7/../../../../avr32/lib/ucr1/libc.a(lib_a-mlock.o)
 .debug_frame   0x000000000000119c       0x80 /Users/tehn/avr32-tools-20140411/lib/gcc/avr32/4.4.7/../../../../avr32/lib/ucr1/libc.a(lib_a-reent.o)
 .debug_frame   0x000000000000121c       0x34 /Users/tehn/avr32-tools-20140411/lib/gcc/avr32/4.4.7/../../../../avr32/lib/ucr1/libc.a(lib_a-sbrkr.o)
 .debug_frame   0x0000000000001250       0x58 /Users/tehn/avr32-tools-20140411/lib/gcc/avr32/4.4.7/../../../../avr32/lib/ucr1/libc.a(lib_a-freer.o)
 .debug_frame   0x00000000000012a8       0x34 /Users/tehn/avr32-tools-20140411/lib/gcc/avr32/4.4.7/ucr1/crtend.o

.debug_str      0x0000000000000000     0x301d
 *(.debug_str)
 .debug_str     0x0000000000000000      0x4c9 ../scatter/main.o
                                        0x52b (size before relaxing)
 .debug_str     0x00000000000004c9       0xb0 avr32/drivers/adc/adc.o
                                        0x41a (size before relaxing)
 .debug_str     0x0000000000000579      0x41a avr32/drivers/gpio/gpio.o
                                        0x516 (size before relaxing)
 .debug_str     0x0000000000000993      0xa91 avr32/drivers/flashc/flashc.o
                                        0xc28 (size before relaxing)
 .debug_str     0x0000000000001424      0x34e avr32/drivers/intc/intc.o
                                        0x434 (size before relaxing)
 .debug_str     0x0000000000001772      0x1c7 avr32/drivers/pwm/pwm.o
                                        0x324 (size before relaxing)
 .debug_str     0x0000000000001939      0x64f common/services/clock/uc3b0_b1/sysclk.o
                                        0x7fd (size before relaxing)
 .debug_str     0x0000000000001f88       0xf3 /Users/tehn/avr32-tools-20140411/lib/gcc/avr32/4.4.7/ucr1/libgcc.a(_udivdi3.o)
                                        0x1a8 (size before relaxing)
 .debug_str     0x000000000000207b       0xc7 /Users/tehn/avr32-tools-20140411/lib/gcc/avr32/4.4.7/../../../../avr32/lib/ucr1/libc.a(lib_a-atexit.o)
                                        0x163 (size before relaxing)
 .debug_str     0x0000000000002142      0x377 /Users/tehn/avr32-tools-20140411/lib/gcc/avr32/4.4.7/../../../../avr32/lib/ucr1/libc.a(lib_a-exit.o)
                                        0x4dd (size before relaxing)
 .debug_str     0x00000000000024b9       0xe0 /Users/tehn/avr32-tools-20140411/lib/gcc/avr32/4.4.7/../../../../avr32/lib/ucr1/libc.a(lib_a-impure.o)
                                        0x52a (size before relaxing)
 .debug_str     0x0000000000002599       0x9e /Users/tehn/avr32-tools-20140411/lib/gcc/avr32/4.4.7/../../../../avr32/lib/ucr1/libc.a(lib_a-memset.o)
                                        0x13a (size before relaxing)
 .debug_str     0x0000000000002637      0x35f /Users/tehn/avr32-tools-20140411/lib/gcc/avr32/4.4.7/../../../../avr32/lib/ucr1/libc.a(lib_a-syscalls.o)
                                        0x46c (size before relaxing)
 .debug_str     0x0000000000002996       0x55 /Users/tehn/avr32-tools-20140411/lib/gcc/avr32/4.4.7/../../../../avr32/lib/ucr1/libc.a(lib_a-__atexit.o)
                                        0x52a (size before relaxing)
 .debug_str     0x00000000000029eb       0x65 /Users/tehn/avr32-tools-20140411/lib/gcc/avr32/4.4.7/../../../../avr32/lib/ucr1/libc.a(lib_a-__call_atexit.o)
                                        0x505 (size before relaxing)
 .debug_str     0x0000000000002a50       0x9c /Users/tehn/avr32-tools-20140411/lib/gcc/avr32/4.4.7/../../../../avr32/lib/ucr1/libc.a(lib_a-errno.o)
                                        0x4d3 (size before relaxing)
 .debug_str     0x0000000000002aec      0x15d /Users/tehn/avr32-tools-20140411/lib/gcc/avr32/4.4.7/../../../../avr32/lib/ucr1/libc.a(lib_a-findfp.o)
                                        0x604 (size before relaxing)
 .debug_str     0x0000000000002c49       0x50 /Users/tehn/avr32-tools-20140411/lib/gcc/avr32/4.4.7/../../../../avr32/lib/ucr1/libc.a(lib_a-malloc.o)
                                        0x4ed (size before relaxing)
 .debug_str     0x0000000000002c99      0x20c /Users/tehn/avr32-tools-20140411/lib/gcc/avr32/4.4.7/../../../../avr32/lib/ucr1/libc.a(lib_a-mallocr.o)
                                        0x6c2 (size before relaxing)
 .debug_str     0x0000000000002ea5       0x71 /Users/tehn/avr32-tools-20140411/lib/gcc/avr32/4.4.7/../../../../avr32/lib/ucr1/libc.a(lib_a-mlock.o)
                                        0x4f4 (size before relaxing)
 .debug_str     0x0000000000002f16       0x77 /Users/tehn/avr32-tools-20140411/lib/gcc/avr32/4.4.7/../../../../avr32/lib/ucr1/libc.a(lib_a-reent.o)
                                        0x510 (size before relaxing)
 .debug_str     0x0000000000002f8d       0x54 /Users/tehn/avr32-tools-20140411/lib/gcc/avr32/4.4.7/../../../../avr32/lib/ucr1/libc.a(lib_a-sbrkr.o)
                                        0x4dc (size before relaxing)
 .debug_str     0x0000000000002fe1       0x3c /Users/tehn/avr32-tools-20140411/lib/gcc/avr32/4.4.7/../../../../avr32/lib/ucr1/libc.a(lib_a-freer.o)
                                        0x614 (size before relaxing)

.debug_loc      0x0000000000000000     0x3029
 *(.debug_loc)
 .debug_loc     0x0000000000000000       0x68 ../scatter/main.o
 .debug_loc     0x0000000000000068       0x72 avr32/drivers/adc/adc.o
 .debug_loc     0x00000000000000da      0x360 avr32/drivers/gpio/gpio.o
 .debug_loc     0x000000000000043a      0xfb3 avr32/drivers/flashc/flashc.o
 .debug_loc     0x00000000000013ed       0x89 avr32/drivers/intc/intc.o
 .debug_loc     0x0000000000001476       0xc7 avr32/drivers/pwm/pwm.o
 .debug_loc     0x000000000000153d      0x1b2 common/services/clock/uc3b0_b1/sysclk.o
 .debug_loc     0x00000000000016ef      0x7ba /Users/tehn/avr32-tools-20140411/lib/gcc/avr32/4.4.7/ucr1/libgcc.a(_udivdi3.o)
 .debug_loc     0x0000000000001ea9       0x32 /Users/tehn/avr32-tools-20140411/lib/gcc/avr32/4.4.7/../../../../avr32/lib/ucr1/libc.a(lib_a-atexit.o)
 .debug_loc     0x0000000000001edb       0x3d /Users/tehn/avr32-tools-20140411/lib/gcc/avr32/4.4.7/../../../../avr32/lib/ucr1/libc.a(lib_a-exit.o)
 .debug_loc     0x0000000000001f18      0x268 /Users/tehn/avr32-tools-20140411/lib/gcc/avr32/4.4.7/../../../../avr32/lib/ucr1/libc.a(lib_a-syscalls.o)
 .debug_loc     0x0000000000002180       0xe9 /Users/tehn/avr32-tools-20140411/lib/gcc/avr32/4.4.7/../../../../avr32/lib/ucr1/libc.a(lib_a-__atexit.o)
 .debug_loc     0x0000000000002269       0xf0 /Users/tehn/avr32-tools-20140411/lib/gcc/avr32/4.4.7/../../../../avr32/lib/ucr1/libc.a(lib_a-__call_atexit.o)
 .debug_loc     0x0000000000002359      0x202 /Users/tehn/avr32-tools-20140411/lib/gcc/avr32/4.4.7/../../../../avr32/lib/ucr1/libc.a(lib_a-findfp.o)
 .debug_loc     0x000000000000255b       0x64 /Users/tehn/avr32-tools-20140411/lib/gcc/avr32/4.4.7/../../../../avr32/lib/ucr1/libc.a(lib_a-malloc.o)
 .debug_loc     0x00000000000025bf      0x5b0 /Users/tehn/avr32-tools-20140411/lib/gcc/avr32/4.4.7/../../../../avr32/lib/ucr1/libc.a(lib_a-mallocr.o)
 .debug_loc     0x0000000000002b6f      0x10a /Users/tehn/avr32-tools-20140411/lib/gcc/avr32/4.4.7/../../../../avr32/lib/ucr1/libc.a(lib_a-reent.o)
 .debug_loc     0x0000000000002c79       0x63 /Users/tehn/avr32-tools-20140411/lib/gcc/avr32/4.4.7/../../../../avr32/lib/ucr1/libc.a(lib_a-sbrkr.o)
 .debug_loc     0x0000000000002cdc      0x34d /Users/tehn/avr32-tools-20140411/lib/gcc/avr32/4.4.7/../../../../avr32/lib/ucr1/libc.a(lib_a-freer.o)

.debug_macinfo  0x0000000000000000   0x5e28ea
 *(.debug_macinfo)
 .debug_macinfo
                0x0000000000000000    0xd9ac7 ../scatter/main.o
 .debug_macinfo
                0x00000000000d9ac7    0xd6653 avr32/drivers/adc/adc.o
 .debug_macinfo
                0x00000000001b011a    0xd6843 avr32/drivers/gpio/gpio.o
 .debug_macinfo
                0x000000000028695d    0xd6765 avr32/drivers/flashc/flashc.o
 .debug_macinfo
                0x000000000035d0c2    0xd68f0 avr32/drivers/intc/intc.o
 .debug_macinfo
                0x00000000004339b2    0xd6718 avr32/drivers/pwm/pwm.o
 .debug_macinfo
                0x000000000050a0ca    0xd8820 common/services/clock/uc3b0_b1/sysclk.o

.debug_weaknames
 *(.debug_weaknames)

.debug_funcnames
 *(.debug_funcnames)

.debug_typenames
 *(.debug_typenames)

.debug_varnames
 *(.debug_varnames)

.stack          0x0000000000007000     0x1000
                0x0000000000007000                _stack = .
 *(.stack)
                0x0000000000001000                . = __stack_size__
 *fill*         0x0000000000007000     0x1000 
                0x0000000000008000                _estack = .

.flash_nvram
 *(.flash_nvram)

.userpage
 *(.userpage .userpage.*)

/DISCARD/
 *(.note.GNU-stack)
LOAD ../scatter/main.o
LOAD avr32/drivers/adc/adc.o
LOAD avr32/drivers/gpio/gpio.o
LOAD avr32/drivers/flashc/flashc.o
LOAD avr32/drivers/intc/intc.o
LOAD avr32/drivers/pm/pm.o
LOAD avr32/drivers/pm/pm_conf_clocks.o
LOAD avr32/drivers/pm/power_clocks_lib.o
LOAD avr32/drivers/pwm/pwm.o
LOAD common/services/clock/uc3b0_b1/sysclk.o
LOAD avr32/utils/startup/trampoline_uc3.o
LOAD avr32/drivers/intc/exception.o
START GROUP
END GROUP
LOAD /Users/tehn/avr32-tools-20140411/lib/gcc/avr32/4.4.7/ucr1/libgcc.a
LOAD /Users/tehn/avr32-tools-20140411/lib/gcc/avr32/4.4.7/../../../../avr32/lib/ucr1/libc.a
LOAD /Users/tehn/avr32-tools-20140411/lib/gcc/avr32/4.4.7/ucr1/libgcc.a
LOAD /Users/tehn/avr32-tools-20140411/lib/gcc/avr32/4.4.7/ucr1/crtend.o
LOAD /Users/tehn/avr32-tools-20140411/lib/gcc/avr32/4.4.7/ucr1/crtn.o
OUTPUT(scatter.elf elf32-avr32)

.debug_ranges   0x0000000000000000      0xb18
 .debug_ranges  0x0000000000000000      0x138 ../scatter/main.o
 .debug_ranges  0x0000000000000138       0x58 avr32/drivers/adc/adc.o
 .debug_ranges  0x0000000000000190      0x128 avr32/drivers/gpio/gpio.o
 .debug_ranges  0x00000000000002b8      0x3e8 avr32/drivers/flashc/flashc.o
 .debug_ranges  0x00000000000006a0       0x50 avr32/drivers/intc/intc.o
 .debug_ranges  0x00000000000006f0       0x40 avr32/drivers/pwm/pwm.o
 .debug_ranges  0x0000000000000730       0xa0 common/services/clock/uc3b0_b1/sysclk.o
 .debug_ranges  0x00000000000007d0       0x60 /Users/tehn/avr32-tools-20140411/lib/gcc/avr32/4.4.7/ucr1/libgcc.a(_udivdi3.o)
 .debug_ranges  0x0000000000000830       0x18 /Users/tehn/avr32-tools-20140411/lib/gcc/avr32/4.4.7/../../../../avr32/lib/ucr1/libc.a(lib_a-atexit.o)
 .debug_ranges  0x0000000000000848       0x18 /Users/tehn/avr32-tools-20140411/lib/gcc/avr32/4.4.7/../../../../avr32/lib/ucr1/libc.a(lib_a-exit.o)
 .debug_ranges  0x0000000000000860       0x18 /Users/tehn/avr32-tools-20140411/lib/gcc/avr32/4.4.7/../../../../avr32/lib/ucr1/libc.a(lib_a-memset.o)
 .debug_ranges  0x0000000000000878       0xf0 /Users/tehn/avr32-tools-20140411/lib/gcc/avr32/4.4.7/../../../../avr32/lib/ucr1/libc.a(lib_a-syscalls.o)
 .debug_ranges  0x0000000000000968       0x18 /Users/tehn/avr32-tools-20140411/lib/gcc/avr32/4.4.7/../../../../avr32/lib/ucr1/libc.a(lib_a-__atexit.o)
 .debug_ranges  0x0000000000000980       0x18 /Users/tehn/avr32-tools-20140411/lib/gcc/avr32/4.4.7/../../../../avr32/lib/ucr1/libc.a(lib_a-__call_atexit.o)
 .debug_ranges  0x0000000000000998       0x18 /Users/tehn/avr32-tools-20140411/lib/gcc/avr32/4.4.7/../../../../avr32/lib/ucr1/libc.a(lib_a-errno.o)
 .debug_ranges  0x00000000000009b0       0xb0 /Users/tehn/avr32-tools-20140411/lib/gcc/avr32/4.4.7/../../../../avr32/lib/ucr1/libc.a(lib_a-findfp.o)
 .debug_ranges  0x0000000000000a60       0x20 /Users/tehn/avr32-tools-20140411/lib/gcc/avr32/4.4.7/../../../../avr32/lib/ucr1/libc.a(lib_a-malloc.o)
 .debug_ranges  0x0000000000000a80       0x18 /Users/tehn/avr32-tools-20140411/lib/gcc/avr32/4.4.7/../../../../avr32/lib/ucr1/libc.a(lib_a-mallocr.o)
 .debug_ranges  0x0000000000000a98       0x20 /Users/tehn/avr32-tools-20140411/lib/gcc/avr32/4.4.7/../../../../avr32/lib/ucr1/libc.a(lib_a-mlock.o)
 .debug_ranges  0x0000000000000ab8       0x28 /Users/tehn/avr32-tools-20140411/lib/gcc/avr32/4.4.7/../../../../avr32/lib/ucr1/libc.a(lib_a-reent.o)
 .debug_ranges  0x0000000000000ae0       0x18 /Users/tehn/avr32-tools-20140411/lib/gcc/avr32/4.4.7/../../../../avr32/lib/ucr1/libc.a(lib_a-sbrkr.o)
 .debug_ranges  0x0000000000000af8       0x20 /Users/tehn/avr32-tools-20140411/lib/gcc/avr32/4.4.7/../../../../avr32/lib/ucr1/libc.a(lib_a-freer.o)

Cross Reference Table

Symbol                                            File
ADC_GPIO_MAP                                      ../scatter/main.o
INTC_init_interrupts                              avr32/drivers/intc/intc.o
                                                  ../scatter/main.o
INTC_register_interrupt                           avr32/drivers/intc/intc.o
_GLOBAL_OFFSET_TABLE_                             /Users/tehn/avr32-tools-20140411/lib/gcc/avr32/4.4.7/../../../../avr32/lib/ucr1/crt0.o
                                                  /Users/tehn/avr32-tools-20140411/lib/gcc/avr32/4.4.7/ucr1/crti.o
_Jv_RegisterClasses                               /Users/tehn/avr32-tools-20140411/lib/gcc/avr32/4.4.7/ucr1/crtbegin.o
__DTOR_END__                                      /Users/tehn/avr32-tools-20140411/lib/gcc/avr32/4.4.7/ucr1/crtend.o
                                                  /Users/tehn/avr32-tools-20140411/lib/gcc/avr32/4.4.7/ucr1/crtbegin.o
__ashldi3                                         /Users/tehn/avr32-tools-20140411/lib/gcc/avr32/4.4.7/ucr1/libgcc.a(_ashldi3.o)
__avr32_lsl64                                     /Users/tehn/avr32-tools-20140411/lib/gcc/avr32/4.4.7/ucr1/libgcc.a(_ashldi3.o)
                                                  avr32/drivers/flashc/flashc.o
__avr32_lsr64                                     /Users/tehn/avr32-tools-20140411/lib/gcc/avr32/4.4.7/ucr1/libgcc.a(_lshrdi3.o)
                                                  avr32/drivers/flashc/flashc.o
__avr32_udiv64                                    /Users/tehn/avr32-tools-20140411/lib/gcc/avr32/4.4.7/ucr1/libgcc.a(_udivdi3.o)
                                                  ../scatter/main.o
__call_exitprocs                                  /Users/tehn/avr32-tools-20140411/lib/gcc/avr32/4.4.7/../../../../avr32/lib/ucr1/libc.a(lib_a-__call_atexit.o)
                                                  /Users/tehn/avr32-tools-20140411/lib/gcc/avr32/4.4.7/../../../../avr32/lib/ucr1/libc.a(lib_a-exit.o)
__dso_handle                                      /Users/tehn/avr32-tools-20140411/lib/gcc/avr32/4.4.7/ucr1/crtbegin.o
__errno                                           /Users/tehn/avr32-tools-20140411/lib/gcc/avr32/4.4.7/../../../../avr32/lib/ucr1/libc.a(lib_a-errno.o)
                                                  /Users/tehn/avr32-tools-20140411/lib/gcc/avr32/4.4.7/../../../../avr32/lib/ucr1/libc.a(lib_a-syscalls.o)
__fp_lock_all                                     /Users/tehn/avr32-tools-20140411/lib/gcc/avr32/4.4.7/../../../../avr32/lib/ucr1/libc.a(lib_a-findfp.o)
__fp_unlock_all                                   /Users/tehn/avr32-tools-20140411/lib/gcc/avr32/4.4.7/../../../../avr32/lib/ucr1/libc.a(lib_a-findfp.o)
__heap_end__                                      /Users/tehn/avr32-tools-20140411/lib/gcc/avr32/4.4.7/../../../../avr32/lib/ucr1/libc.a(lib_a-syscalls.o)
__heap_start__                                    /Users/tehn/avr32-tools-20140411/lib/gcc/avr32/4.4.7/../../../../avr32/lib/ucr1/libc.a(lib_a-syscalls.o)
__lshrdi3                                         /Users/tehn/avr32-tools-20140411/lib/gcc/avr32/4.4.7/ucr1/libgcc.a(_lshrdi3.o)
__malloc_av_                                      /Users/tehn/avr32-tools-20140411/lib/gcc/avr32/4.4.7/../../../../avr32/lib/ucr1/libc.a(lib_a-mallocr.o)
                                                  /Users/tehn/avr32-tools-20140411/lib/gcc/avr32/4.4.7/../../../../avr32/lib/ucr1/libc.a(lib_a-freer.o)
__malloc_current_mallinfo                         /Users/tehn/avr32-tools-20140411/lib/gcc/avr32/4.4.7/../../../../avr32/lib/ucr1/libc.a(lib_a-mallocr.o)
                                                  /Users/tehn/avr32-tools-20140411/lib/gcc/avr32/4.4.7/../../../../avr32/lib/ucr1/libc.a(lib_a-freer.o)
__malloc_lock                                     /Users/tehn/avr32-tools-20140411/lib/gcc/avr32/4.4.7/../../../../avr32/lib/ucr1/libc.a(lib_a-mlock.o)
                                                  /Users/tehn/avr32-tools-20140411/lib/gcc/avr32/4.4.7/../../../../avr32/lib/ucr1/libc.a(lib_a-freer.o)
                                                  /Users/tehn/avr32-tools-20140411/lib/gcc/avr32/4.4.7/../../../../avr32/lib/ucr1/libc.a(lib_a-mallocr.o)
__malloc_max_sbrked_mem                           /Users/tehn/avr32-tools-20140411/lib/gcc/avr32/4.4.7/../../../../avr32/lib/ucr1/libc.a(lib_a-mallocr.o)
__malloc_max_total_mem                            /Users/tehn/avr32-tools-20140411/lib/gcc/avr32/4.4.7/../../../../avr32/lib/ucr1/libc.a(lib_a-mallocr.o)
__malloc_sbrk_base                                /Users/tehn/avr32-tools-20140411/lib/gcc/avr32/4.4.7/../../../../avr32/lib/ucr1/libc.a(lib_a-mallocr.o)
                                                  /Users/tehn/avr32-tools-20140411/lib/gcc/avr32/4.4.7/../../../../avr32/lib/ucr1/libc.a(lib_a-freer.o)
__malloc_top_pad                                  /Users/tehn/avr32-tools-20140411/lib/gcc/avr32/4.4.7/../../../../avr32/lib/ucr1/libc.a(lib_a-mallocr.o)
                                                  /Users/tehn/avr32-tools-20140411/lib/gcc/avr32/4.4.7/../../../../avr32/lib/ucr1/libc.a(lib_a-freer.o)
__malloc_trim_threshold                           /Users/tehn/avr32-tools-20140411/lib/gcc/avr32/4.4.7/../../../../avr32/lib/ucr1/libc.a(lib_a-mallocr.o)
                                                  /Users/tehn/avr32-tools-20140411/lib/gcc/avr32/4.4.7/../../../../avr32/lib/ucr1/libc.a(lib_a-freer.o)
__malloc_unlock                                   /Users/tehn/avr32-tools-20140411/lib/gcc/avr32/4.4.7/../../../../avr32/lib/ucr1/libc.a(lib_a-mlock.o)
                                                  /Users/tehn/avr32-tools-20140411/lib/gcc/avr32/4.4.7/../../../../avr32/lib/ucr1/libc.a(lib_a-freer.o)
                                                  /Users/tehn/avr32-tools-20140411/lib/gcc/avr32/4.4.7/../../../../avr32/lib/ucr1/libc.a(lib_a-mallocr.o)
__register_exitproc                               /Users/tehn/avr32-tools-20140411/lib/gcc/avr32/4.4.7/../../../../avr32/lib/ucr1/libc.a(lib_a-__atexit.o)
                                                  /Users/tehn/avr32-tools-20140411/lib/gcc/avr32/4.4.7/../../../../avr32/lib/ucr1/libc.a(lib_a-atexit.o)
__sclose                                          /Users/tehn/avr32-tools-20140411/lib/gcc/avr32/4.4.7/../../../../avr32/lib/ucr1/libc.a(lib_a-stdio.o)
                                                  /Users/tehn/avr32-tools-20140411/lib/gcc/avr32/4.4.7/../../../../avr32/lib/ucr1/libc.a(lib_a-findfp.o)
__sf_fake_stderr                                  /Users/tehn/avr32-tools-20140411/lib/gcc/avr32/4.4.7/../../../../avr32/lib/ucr1/libc.a(lib_a-findfp.o)
                                                  /Users/tehn/avr32-tools-20140411/lib/gcc/avr32/4.4.7/../../../../avr32/lib/ucr1/libc.a(lib_a-fflush.o)
                                                  /Users/tehn/avr32-tools-20140411/lib/gcc/avr32/4.4.7/../../../../avr32/lib/ucr1/libc.a(lib_a-fclose.o)
                                                  /Users/tehn/avr32-tools-20140411/lib/gcc/avr32/4.4.7/../../../../avr32/lib/ucr1/libc.a(lib_a-impure.o)
__sf_fake_stdin                                   /Users/tehn/avr32-tools-20140411/lib/gcc/avr32/4.4.7/../../../../avr32/lib/ucr1/libc.a(lib_a-findfp.o)
                                                  /Users/tehn/avr32-tools-20140411/lib/gcc/avr32/4.4.7/../../../../avr32/lib/ucr1/libc.a(lib_a-fflush.o)
                                                  /Users/tehn/avr32-tools-20140411/lib/gcc/avr32/4.4.7/../../../../avr32/lib/ucr1/libc.a(lib_a-fclose.o)
                                                  /Users/tehn/avr32-tools-20140411/lib/gcc/avr32/4.4.7/../../../../avr32/lib/ucr1/libc.a(lib_a-impure.o)
__sf_fake_stdout                                  /Users/tehn/avr32-tools-20140411/lib/gcc/avr32/4.4.7/../../../../avr32/lib/ucr1/libc.a(lib_a-findfp.o)
                                                  /Users/tehn/avr32-tools-20140411/lib/gcc/avr32/4.4.7/../../../../avr32/lib/ucr1/libc.a(lib_a-fflush.o)
                                                  /Users/tehn/avr32-tools-20140411/lib/gcc/avr32/4.4.7/../../../../avr32/lib/ucr1/libc.a(lib_a-fclose.o)
                                                  /Users/tehn/avr32-tools-20140411/lib/gcc/avr32/4.4.7/../../../../avr32/lib/ucr1/libc.a(lib_a-impure.o)
__sfmoreglue                                      /Users/tehn/avr32-tools-20140411/lib/gcc/avr32/4.4.7/../../../../avr32/lib/ucr1/libc.a(lib_a-findfp.o)
__sfp                                             /Users/tehn/avr32-tools-20140411/lib/gcc/avr32/4.4.7/../../../../avr32/lib/ucr1/libc.a(lib_a-findfp.o)
__sfp_lock_acquire                                /Users/tehn/avr32-tools-20140411/lib/gcc/avr32/4.4.7/../../../../avr32/lib/ucr1/libc.a(lib_a-findfp.o)
                                                  /Users/tehn/avr32-tools-20140411/lib/gcc/avr32/4.4.7/../../../../avr32/lib/ucr1/libc.a(lib_a-fclose.o)
                                                  /Users/tehn/avr32-tools-20140411/lib/gcc/avr32/4.4.7/../../../../avr32/lib/ucr1/libc.a(lib_a-fwalk.o)
__sfp_lock_release                                /Users/tehn/avr32-tools-20140411/lib/gcc/avr32/4.4.7/../../../../avr32/lib/ucr1/libc.a(lib_a-findfp.o)
                                                  /Users/tehn/avr32-tools-20140411/lib/gcc/avr32/4.4.7/../../../../avr32/lib/ucr1/libc.a(lib_a-fclose.o)
                                                  /Users/tehn/avr32-tools-20140411/lib/gcc/avr32/4.4.7/../../../../avr32/lib/ucr1/libc.a(lib_a-fwalk.o)
__sinit                                           /Users/tehn/avr32-tools-20140411/lib/gcc/avr32/4.4.7/../../../../avr32/lib/ucr1/libc.a(lib_a-findfp.o)
                                                  /Users/tehn/avr32-tools-20140411/lib/gcc/avr32/4.4.7/../../../../avr32/lib/ucr1/libc.a(lib_a-fflush.o)
                                                  /Users/tehn/avr32-tools-20140411/lib/gcc/avr32/4.4.7/../../../../avr32/lib/ucr1/libc.a(lib_a-fclose.o)
__sinit_lock_acquire                              /Users/tehn/avr32-tools-20140411/lib/gcc/avr32/4.4.7/../../../../avr32/lib/ucr1/libc.a(lib_a-findfp.o)
__sinit_lock_release                              /Users/tehn/avr32-tools-20140411/lib/gcc/avr32/4.4.7/../../../../avr32/lib/ucr1/libc.a(lib_a-findfp.o)
__sread                                           /Users/tehn/avr32-tools-20140411/lib/gcc/avr32/4.4.7/../../../../avr32/lib/ucr1/libc.a(lib_a-stdio.o)
                                                  /Users/tehn/avr32-tools-20140411/lib/gcc/avr32/4.4.7/../../../../avr32/lib/ucr1/libc.a(lib_a-findfp.o)
__sseek                                           /Users/tehn/avr32-tools-20140411/lib/gcc/avr32/4.4.7/../../../../avr32/lib/ucr1/libc.a(lib_a-stdio.o)
                                                  /Users/tehn/avr32-tools-20140411/lib/gcc/avr32/4.4.7/../../../../avr32/lib/ucr1/libc.a(lib_a-findfp.o)
__swrite                                          /Users/tehn/avr32-tools-20140411/lib/gcc/avr32/4.4.7/../../../../avr32/lib/ucr1/libc.a(lib_a-stdio.o)
                                                  /Users/tehn/avr32-tools-20140411/lib/gcc/avr32/4.4.7/../../../../avr32/lib/ucr1/libc.a(lib_a-findfp.o)
__udivdi3                                         /Users/tehn/avr32-tools-20140411/lib/gcc/avr32/4.4.7/ucr1/libgcc.a(_udivdi3.o)
_cleanup                                          /Users/tehn/avr32-tools-20140411/lib/gcc/avr32/4.4.7/../../../../avr32/lib/ucr1/libc.a(lib_a-findfp.o)
_cleanup_r                                        /Users/tehn/avr32-tools-20140411/lib/gcc/avr32/4.4.7/../../../../avr32/lib/ucr1/libc.a(lib_a-findfp.o)
_close                                            /Users/tehn/avr32-tools-20140411/lib/gcc/avr32/4.4.7/../../../../avr32/lib/ucr1/libc.a(lib_a-syscalls.o)
                                                  /Users/tehn/avr32-tools-20140411/lib/gcc/avr32/4.4.7/../../../../avr32/lib/ucr1/libc.a(lib_a-closer.o)
_close_r                                          /Users/tehn/avr32-tools-20140411/lib/gcc/avr32/4.4.7/../../../../avr32/lib/ucr1/libc.a(lib_a-closer.o)
                                                  /Users/tehn/avr32-tools-20140411/lib/gcc/avr32/4.4.7/../../../../avr32/lib/ucr1/libc.a(lib_a-stdio.o)
_data                                             /Users/tehn/avr32-tools-20140411/lib/gcc/avr32/4.4.7/../../../../avr32/lib/ucr1/crt0.o
_data_lma                                         /Users/tehn/avr32-tools-20140411/lib/gcc/avr32/4.4.7/../../../../avr32/lib/ucr1/crt0.o
_edata                                            /Users/tehn/avr32-tools-20140411/lib/gcc/avr32/4.4.7/../../../../avr32/lib/ucr1/crt0.o
_end                                              /Users/tehn/avr32-tools-20140411/lib/gcc/avr32/4.4.7/../../../../avr32/lib/ucr1/crt0.o
_estack                                           /Users/tehn/avr32-tools-20140411/lib/gcc/avr32/4.4.7/../../../../avr32/lib/ucr1/crt0.o
_evba                                             avr32/drivers/intc/exception.o
                                                  avr32/drivers/intc/intc.o
_execve                                           /Users/tehn/avr32-tools-20140411/lib/gcc/avr32/4.4.7/../../../../avr32/lib/ucr1/libc.a(lib_a-syscalls.o)
_exit                                             /Users/tehn/avr32-tools-20140411/lib/gcc/avr32/4.4.7/../../../../avr32/lib/ucr1/libc.a(lib_a-syscalls.o)
                                                  /Users/tehn/avr32-tools-20140411/lib/gcc/avr32/4.4.7/../../../../avr32/lib/ucr1/libc.a(lib_a-exit.o)
_fclose_r                                         /Users/tehn/avr32-tools-20140411/lib/gcc/avr32/4.4.7/../../../../avr32/lib/ucr1/libc.a(lib_a-fclose.o)
_fcntl                                            /Users/tehn/avr32-tools-20140411/lib/gcc/avr32/4.4.7/../../../../avr32/lib/ucr1/libc.a(lib_a-syscalls.o)
_fflush_r                                         /Users/tehn/avr32-tools-20140411/lib/gcc/avr32/4.4.7/../../../../avr32/lib/ucr1/libc.a(lib_a-fflush.o)
                                                  /Users/tehn/avr32-tools-20140411/lib/gcc/avr32/4.4.7/../../../../avr32/lib/ucr1/libc.a(lib_a-fclose.o)
_fini                                             /Users/tehn/avr32-tools-20140411/lib/gcc/avr32/4.4.7/ucr1/crti.o
                                                  /Users/tehn/avr32-tools-20140411/lib/gcc/avr32/4.4.7/../../../../avr32/lib/ucr1/crt0.o
_fork                                             /Users/tehn/avr32-tools-20140411/lib/gcc/avr32/4.4.7/../../../../avr32/lib/ucr1/libc.a(lib_a-syscalls.o)
_free_r                                           /Users/tehn/avr32-tools-20140411/lib/gcc/avr32/4.4.7/../../../../avr32/lib/ucr1/libc.a(lib_a-freer.o)
                                                  /Users/tehn/avr32-tools-20140411/lib/gcc/avr32/4.4.7/../../../../avr32/lib/ucr1/libc.a(lib_a-fclose.o)
                                                  /Users/tehn/avr32-tools-20140411/lib/gcc/avr32/4.4.7/../../../../avr32/lib/ucr1/libc.a(lib_a-reent.o)
                                                  /Users/tehn/avr32-tools-20140411/lib/gcc/avr32/4.4.7/../../../../avr32/lib/ucr1/libc.a(lib_a-mallocr.o)
                                                  /Users/tehn/avr32-tools-20140411/lib/gcc/avr32/4.4.7/../../../../avr32/lib/ucr1/libc.a(lib_a-malloc.o)
_fstat                                            /Users/tehn/avr32-tools-20140411/lib/gcc/avr32/4.4.7/../../../../avr32/lib/ucr1/libc.a(lib_a-syscalls.o)
_fstat_host                                       /Users/tehn/avr32-tools-20140411/lib/gcc/avr32/4.4.7/../../../../avr32/lib/ucr1/libc.a(lib_a-syscalls.o)
_fwalk                                            /Users/tehn/avr32-tools-20140411/lib/gcc/avr32/4.4.7/../../../../avr32/lib/ucr1/libc.a(lib_a-fwalk.o)
                                                  /Users/tehn/avr32-tools-20140411/lib/gcc/avr32/4.4.7/../../../../avr32/lib/ucr1/libc.a(lib_a-findfp.o)
_fwalk_reent                                      /Users/tehn/avr32-tools-20140411/lib/gcc/avr32/4.4.7/../../../../avr32/lib/ucr1/libc.a(lib_a-fwalk.o)
                                                  /Users/tehn/avr32-tools-20140411/lib/gcc/avr32/4.4.7/../../../../avr32/lib/ucr1/libc.a(lib_a-fflush.o)
_get_interrupt_handler                            avr32/drivers/intc/intc.o
                                                  avr32/drivers/intc/exception.o
_getpid                                           /Users/tehn/avr32-tools-20140411/lib/gcc/avr32/4.4.7/../../../../avr32/lib/ucr1/libc.a(lib_a-syscalls.o)
_gettimeofday                                     /Users/tehn/avr32-tools-20140411/lib/gcc/avr32/4.4.7/../../../../avr32/lib/ucr1/libc.a(lib_a-syscalls.o)
_gettimeofday_host                                /Users/tehn/avr32-tools-20140411/lib/gcc/avr32/4.4.7/../../../../avr32/lib/ucr1/libc.a(lib_a-syscalls.o)
_global_impure_ptr                                /Users/tehn/avr32-tools-20140411/lib/gcc/avr32/4.4.7/../../../../avr32/lib/ucr1/libc.a(lib_a-impure.o)
                                                  /Users/tehn/avr32-tools-20140411/lib/gcc/avr32/4.4.7/../../../../avr32/lib/ucr1/libc.a(lib_a-fflush.o)
                                                  /Users/tehn/avr32-tools-20140411/lib/gcc/avr32/4.4.7/../../../../avr32/lib/ucr1/libc.a(lib_a-findfp.o)
                                                  /Users/tehn/avr32-tools-20140411/lib/gcc/avr32/4.4.7/../../../../avr32/lib/ucr1/libc.a(lib_a-__call_atexit.o)
                                                  /Users/tehn/avr32-tools-20140411/lib/gcc/avr32/4.4.7/../../../../avr32/lib/ucr1/libc.a(lib_a-__atexit.o)
                                                  /Users/tehn/avr32-tools-20140411/lib/gcc/avr32/4.4.7/../../../../avr32/lib/ucr1/libc.a(lib_a-exit.o)
_impure_ptr                                       /Users/tehn/avr32-tools-20140411/lib/gcc/avr32/4.4.7/../../../../avr32/lib/ucr1/libc.a(lib_a-impure.o)
                                                  /Users/tehn/avr32-tools-20140411/lib/gcc/avr32/4.4.7/../../../../avr32/lib/ucr1/libc.a(lib_a-fflush.o)
                                                  /Users/tehn/avr32-tools-20140411/lib/gcc/avr32/4.4.7/../../../../avr32/lib/ucr1/libc.a(lib_a-fclose.o)
                                                  /Users/tehn/avr32-tools-20140411/lib/gcc/avr32/4.4.7/../../../../avr32/lib/ucr1/libc.a(lib_a-reent.o)
                                                  /Users/tehn/avr32-tools-20140411/lib/gcc/avr32/4.4.7/../../../../avr32/lib/ucr1/libc.a(lib_a-malloc.o)
                                                  /Users/tehn/avr32-tools-20140411/lib/gcc/avr32/4.4.7/../../../../avr32/lib/ucr1/libc.a(lib_a-findfp.o)
                                                  /Users/tehn/avr32-tools-20140411/lib/gcc/avr32/4.4.7/../../../../avr32/lib/ucr1/libc.a(lib_a-errno.o)
_init                                             /Users/tehn/avr32-tools-20140411/lib/gcc/avr32/4.4.7/ucr1/crti.o
                                                  /Users/tehn/avr32-tools-20140411/lib/gcc/avr32/4.4.7/../../../../avr32/lib/ucr1/crt0.o
_init_argv                                        /Users/tehn/avr32-tools-20140411/lib/gcc/avr32/4.4.7/../../../../avr32/lib/ucr1/libc.a(lib_a-syscalls.o)
                                                  /Users/tehn/avr32-tools-20140411/lib/gcc/avr32/4.4.7/../../../../avr32/lib/ucr1/crt0.o
_init_startup                                     /Users/tehn/avr32-tools-20140411/lib/gcc/avr32/4.4.7/../../../../avr32/lib/ucr1/libc.a(lib_a-syscalls.o)
                                                  /Users/tehn/avr32-tools-20140411/lib/gcc/avr32/4.4.7/../../../../avr32/lib/ucr1/crt0.o
_int0                                             avr32/drivers/intc/exception.o
                                                  avr32/drivers/intc/intc.o
_int1                                             avr32/drivers/intc/exception.o
                                                  avr32/drivers/intc/intc.o
_int2                                             avr32/drivers/intc/exception.o
                                                  avr32/drivers/intc/intc.o
_int3                                             avr32/drivers/intc/exception.o
                                                  avr32/drivers/intc/intc.o
_kill                                             /Users/tehn/avr32-tools-20140411/lib/gcc/avr32/4.4.7/../../../../avr32/lib/ucr1/libc.a(lib_a-syscalls.o)
_link                                             /Users/tehn/avr32-tools-20140411/lib/gcc/avr32/4.4.7/../../../../avr32/lib/ucr1/libc.a(lib_a-syscalls.o)
_lseek                                            /Users/tehn/avr32-tools-20140411/lib/gcc/avr32/4.4.7/../../../../avr32/lib/ucr1/libc.a(lib_a-syscalls.o)
                                                  /Users/tehn/avr32-tools-20140411/lib/gcc/avr32/4.4.7/../../../../avr32/lib/ucr1/libc.a(lib_a-lseekr.o)
_lseek_r                                          /Users/tehn/avr32-tools-20140411/lib/gcc/avr32/4.4.7/../../../../avr32/lib/ucr1/libc.a(lib_a-lseekr.o)
                                                  /Users/tehn/avr32-tools-20140411/lib/gcc/avr32/4.4.7/../../../../avr32/lib/ucr1/libc.a(lib_a-stdio.o)
_malloc_r                                         /Users/tehn/avr32-tools-20140411/lib/gcc/avr32/4.4.7/../../../../avr32/lib/ucr1/libc.a(lib_a-mallocr.o)
                                                  /Users/tehn/avr32-tools-20140411/lib/gcc/avr32/4.4.7/../../../../avr32/lib/ucr1/libc.a(lib_a-malloc.o)
                                                  /Users/tehn/avr32-tools-20140411/lib/gcc/avr32/4.4.7/../../../../avr32/lib/ucr1/libc.a(lib_a-findfp.o)
_malloc_trim_r                                    /Users/tehn/avr32-tools-20140411/lib/gcc/avr32/4.4.7/../../../../avr32/lib/ucr1/libc.a(lib_a-freer.o)
_open                                             /Users/tehn/avr32-tools-20140411/lib/gcc/avr32/4.4.7/../../../../avr32/lib/ucr1/libc.a(lib_a-syscalls.o)
_read                                             /Users/tehn/avr32-tools-20140411/lib/gcc/avr32/4.4.7/../../../../avr32/lib/ucr1/libc.a(lib_a-syscalls.o)
                                                  /Users/tehn/avr32-tools-20140411/lib/gcc/avr32/4.4.7/../../../../avr32/lib/ucr1/libc.a(lib_a-readr.o)
_read_r                                           /Users/tehn/avr32-tools-20140411/lib/gcc/avr32/4.4.7/../../../../avr32/lib/ucr1/libc.a(lib_a-readr.o)
                                                  /Users/tehn/avr32-tools-20140411/lib/gcc/avr32/4.4.7/../../../../avr32/lib/ucr1/libc.a(lib_a-stdio.o)
_reclaim_reent                                    /Users/tehn/avr32-tools-20140411/lib/gcc/avr32/4.4.7/../../../../avr32/lib/ucr1/libc.a(lib_a-reent.o)
_sbrk                                             /Users/tehn/avr32-tools-20140411/lib/gcc/avr32/4.4.7/../../../../avr32/lib/ucr1/libc.a(lib_a-syscalls.o)
                                                  /Users/tehn/avr32-tools-20140411/lib/gcc/avr32/4.4.7/../../../../avr32/lib/ucr1/libc.a(lib_a-sbrkr.o)
_sbrk_r                                           /Users/tehn/avr32-tools-20140411/lib/gcc/avr32/4.4.7/../../../../avr32/lib/ucr1/libc.a(lib_a-sbrkr.o)
                                                  /Users/tehn/avr32-tools-20140411/lib/gcc/avr32/4.4.7/../../../../avr32/lib/ucr1/libc.a(lib_a-freer.o)
                                                  /Users/tehn/avr32-tools-20140411/lib/gcc/avr32/4.4.7/../../../../avr32/lib/ucr1/libc.a(lib_a-mallocr.o)
_start                                            /Users/tehn/avr32-tools-20140411/lib/gcc/avr32/4.4.7/../../../../avr32/lib/ucr1/crt0.o
_stat                                             /Users/tehn/avr32-tools-20140411/lib/gcc/avr32/4.4.7/../../../../avr32/lib/ucr1/libc.a(lib_a-syscalls.o)
_stat_host                                        /Users/tehn/avr32-tools-20140411/lib/gcc/avr32/4.4.7/../../../../avr32/lib/ucr1/libc.a(lib_a-syscalls.o)
_stext                                            /Users/tehn/avr32-tools-20140411/lib/gcc/avr32/4.4.7/../../../../avr32/lib/ucr1/crt0.o
                                                  avr32/utils/startup/trampoline_uc3.o
_system                                           /Users/tehn/avr32-tools-20140411/lib/gcc/avr32/4.4.7/../../../../avr32/lib/ucr1/libc.a(lib_a-syscalls.o)
_times                                            /Users/tehn/avr32-tools-20140411/lib/gcc/avr32/4.4.7/../../../../avr32/lib/ucr1/libc.a(lib_a-syscalls.o)
_trampoline                                       avr32/utils/startup/trampoline_uc3.o
_unlink                                           /Users/tehn/avr32-tools-20140411/lib/gcc/avr32/4.4.7/../../../../avr32/lib/ucr1/libc.a(lib_a-syscalls.o)
_wait                                             /Users/tehn/avr32-tools-20140411/lib/gcc/avr32/4.4.7/../../../../avr32/lib/ucr1/libc.a(lib_a-syscalls.o)
_wrapup_reent                                     /Users/tehn/avr32-tools-20140411/lib/gcc/avr32/4.4.7/../../../../avr32/lib/ucr1/libc.a(lib_a-reent.o)
_write                                            /Users/tehn/avr32-tools-20140411/lib/gcc/avr32/4.4.7/../../../../avr32/lib/ucr1/libc.a(lib_a-syscalls.o)
                                                  /Users/tehn/avr32-tools-20140411/lib/gcc/avr32/4.4.7/../../../../avr32/lib/ucr1/libc.a(lib_a-writer.o)
_write_r                                          /Users/tehn/avr32-tools-20140411/lib/gcc/avr32/4.4.7/../../../../avr32/lib/ucr1/libc.a(lib_a-writer.o)
                                                  /Users/tehn/avr32-tools-20140411/lib/gcc/avr32/4.4.7/../../../../avr32/lib/ucr1/libc.a(lib_a-stdio.o)
adc_check_eoc                                     avr32/drivers/adc/adc.o
adc_check_ovr                                     avr32/drivers/adc/adc.o
adc_configure                                     avr32/drivers/adc/adc.o
                                                  ../scatter/main.o
adc_disable                                       avr32/drivers/adc/adc.o
adc_enable                                        avr32/drivers/adc/adc.o
                                                  ../scatter/main.o
adc_get_latest_value                              avr32/drivers/adc/adc.o
adc_get_status                                    avr32/drivers/adc/adc.o
adc_get_value                                     avr32/drivers/adc/adc.o
                                                  ../scatter/main.o
adc_start                                         avr32/drivers/adc/adc.o
                                                  ../scatter/main.o
atexit                                            /Users/tehn/avr32-tools-20140411/lib/gcc/avr32/4.4.7/../../../../avr32/lib/ucr1/libc.a(lib_a-atexit.o)
                                                  /Users/tehn/avr32-tools-20140411/lib/gcc/avr32/4.4.7/../../../../avr32/lib/ucr1/crt0.o
cleanup_glue                                      /Users/tehn/avr32-tools-20140411/lib/gcc/avr32/4.4.7/../../../../avr32/lib/ucr1/libc.a(lib_a-reent.o)
errno                                             /Users/tehn/avr32-tools-20140411/lib/gcc/avr32/4.4.7/../../../../avr32/lib/ucr1/libc.a(lib_a-readr.o)
                                                  /Users/tehn/avr32-tools-20140411/lib/gcc/avr32/4.4.7/../../../../avr32/lib/ucr1/libc.a(lib_a-lseekr.o)
                                                  /Users/tehn/avr32-tools-20140411/lib/gcc/avr32/4.4.7/../../../../avr32/lib/ucr1/libc.a(lib_a-closer.o)
                                                  /Users/tehn/avr32-tools-20140411/lib/gcc/avr32/4.4.7/../../../../avr32/lib/ucr1/libc.a(lib_a-writer.o)
                                                  /Users/tehn/avr32-tools-20140411/lib/gcc/avr32/4.4.7/../../../../avr32/lib/ucr1/libc.a(lib_a-sbrkr.o)
                                                  /Users/tehn/avr32-tools-20140411/lib/gcc/avr32/4.4.7/../../../../avr32/lib/ucr1/libc.a(lib_a-reent.o)
                                                  /Users/tehn/avr32-tools-20140411/lib/gcc/avr32/4.4.7/../../../../avr32/lib/ucr1/libc.a(lib_a-syscalls.o)
exit                                              /Users/tehn/avr32-tools-20140411/lib/gcc/avr32/4.4.7/../../../../avr32/lib/ucr1/libc.a(lib_a-exit.o)
                                                  /Users/tehn/avr32-tools-20140411/lib/gcc/avr32/4.4.7/../../../../avr32/lib/ucr1/crt0.o
fclose                                            /Users/tehn/avr32-tools-20140411/lib/gcc/avr32/4.4.7/../../../../avr32/lib/ucr1/libc.a(lib_a-fclose.o)
                                                  /Users/tehn/avr32-tools-20140411/lib/gcc/avr32/4.4.7/../../../../avr32/lib/ucr1/libc.a(lib_a-findfp.o)
fflush                                            /Users/tehn/avr32-tools-20140411/lib/gcc/avr32/4.4.7/../../../../avr32/lib/ucr1/libc.a(lib_a-fflush.o)
flashc_activate_security_bit                      avr32/drivers/flashc/flashc.o
flashc_clear_page_buffer                          avr32/drivers/flashc/flashc.o
flashc_default_wait_until_ready                   avr32/drivers/flashc/flashc.o
flashc_enable_lock_error_int                      avr32/drivers/flashc/flashc.o
flashc_enable_prog_error_int                      avr32/drivers/flashc/flashc.o
flashc_enable_ready_int                           avr32/drivers/flashc/flashc.o
flashc_erase_all                                  avr32/drivers/flashc/flashc.o
flashc_erase_all_gp_fuses                         avr32/drivers/flashc/flashc.o
flashc_erase_all_pages                            avr32/drivers/flashc/flashc.o
flashc_erase_gp_fuse_bit                          avr32/drivers/flashc/flashc.o
flashc_erase_gp_fuse_bitfield                     avr32/drivers/flashc/flashc.o
flashc_erase_gp_fuse_byte                         avr32/drivers/flashc/flashc.o
flashc_erase_page                                 avr32/drivers/flashc/flashc.o
flashc_erase_user_page                            avr32/drivers/flashc/flashc.o
flashc_get_bootloader_protected_size              avr32/drivers/flashc/flashc.o
flashc_get_command                                avr32/drivers/flashc/flashc.o
flashc_get_flash_size                             avr32/drivers/flashc/flashc.o
flashc_get_page_count                             avr32/drivers/flashc/flashc.o
flashc_get_page_count_per_region                  avr32/drivers/flashc/flashc.o
flashc_get_page_number                            avr32/drivers/flashc/flashc.o
flashc_get_page_region                            avr32/drivers/flashc/flashc.o
flashc_get_region_first_page_number               avr32/drivers/flashc/flashc.o
flashc_get_wait_state                             avr32/drivers/flashc/flashc.o
flashc_is_external_privileged_fetch_locked        avr32/drivers/flashc/flashc.o
flashc_is_lock_error                              avr32/drivers/flashc/flashc.o
flashc_is_lock_error_int_enabled                  avr32/drivers/flashc/flashc.o
flashc_is_page_erased                             avr32/drivers/flashc/flashc.o
flashc_is_page_region_locked                      avr32/drivers/flashc/flashc.o
flashc_is_prog_error_int_enabled                  avr32/drivers/flashc/flashc.o
flashc_is_programming_error                       avr32/drivers/flashc/flashc.o
flashc_is_ready                                   avr32/drivers/flashc/flashc.o
flashc_is_ready_int_enabled                       avr32/drivers/flashc/flashc.o
flashc_is_region_locked                           avr32/drivers/flashc/flashc.o
flashc_is_security_bit_active                     avr32/drivers/flashc/flashc.o
flashc_issue_command                              avr32/drivers/flashc/flashc.o
flashc_lock_all_regions                           avr32/drivers/flashc/flashc.o
flashc_lock_external_privileged_fetch             avr32/drivers/flashc/flashc.o
flashc_lock_page_region                           avr32/drivers/flashc/flashc.o
flashc_lock_region                                avr32/drivers/flashc/flashc.o
flashc_memcpy                                     avr32/drivers/flashc/flashc.o
flashc_memset16                                   avr32/drivers/flashc/flashc.o
flashc_memset32                                   avr32/drivers/flashc/flashc.o
flashc_memset64                                   avr32/drivers/flashc/flashc.o
flashc_memset8                                    avr32/drivers/flashc/flashc.o
flashc_no_operation                               avr32/drivers/flashc/flashc.o
flashc_quick_page_read                            avr32/drivers/flashc/flashc.o
flashc_quick_user_page_read                       avr32/drivers/flashc/flashc.o
flashc_read_all_gp_fuses                          avr32/drivers/flashc/flashc.o
flashc_read_gp_fuse_bit                           avr32/drivers/flashc/flashc.o
flashc_read_gp_fuse_bitfield                      avr32/drivers/flashc/flashc.o
flashc_read_gp_fuse_byte                          avr32/drivers/flashc/flashc.o
flashc_set_all_gp_fuses                           avr32/drivers/flashc/flashc.o
flashc_set_bootloader_protected_size              avr32/drivers/flashc/flashc.o
flashc_set_bus_freq                               avr32/drivers/flashc/flashc.o
                                                  common/services/clock/uc3b0_b1/sysclk.o
flashc_set_gp_fuse_bit                            avr32/drivers/flashc/flashc.o
flashc_set_gp_fuse_bitfield                       avr32/drivers/flashc/flashc.o
flashc_set_gp_fuse_byte                           avr32/drivers/flashc/flashc.o
flashc_set_wait_state                             avr32/drivers/flashc/flashc.o
                                                  avr32/drivers/pm/pm_conf_clocks.o
flashc_wait_until_ready                           avr32/drivers/flashc/flashc.o
flashc_write_all_gp_fuses                         avr32/drivers/flashc/flashc.o
flashc_write_gp_fuse_bit                          avr32/drivers/flashc/flashc.o
flashc_write_gp_fuse_bitfield                     avr32/drivers/flashc/flashc.o
flashc_write_gp_fuse_byte                         avr32/drivers/flashc/flashc.o
flashc_write_page                                 avr32/drivers/flashc/flashc.o
flashc_write_user_page                            avr32/drivers/flashc/flashc.o
free                                              /Users/tehn/avr32-tools-20140411/lib/gcc/avr32/4.4.7/../../../../avr32/lib/ucr1/libc.a(lib_a-malloc.o)
                                                  /Users/tehn/avr32-tools-20140411/lib/gcc/avr32/4.4.7/../../../../avr32/lib/ucr1/libc.a(lib_a-__call_atexit.o)
gpio_clear_pin_interrupt_flag                     avr32/drivers/gpio/gpio.o
gpio_clr_gpio_open_drain_pin                      avr32/drivers/gpio/gpio.o
gpio_clr_gpio_pin                                 avr32/drivers/gpio/gpio.o
gpio_configure_group                              avr32/drivers/gpio/gpio.o
gpio_configure_pin                                avr32/drivers/gpio/gpio.o
gpio_disable_pin_glitch_filter                    avr32/drivers/gpio/gpio.o
gpio_disable_pin_interrupt                        avr32/drivers/gpio/gpio.o
gpio_disable_pin_pull_up                          avr32/drivers/gpio/gpio.o
gpio_enable_gpio                                  avr32/drivers/gpio/gpio.o
gpio_enable_gpio_pin                              avr32/drivers/gpio/gpio.o
gpio_enable_module                                avr32/drivers/gpio/gpio.o
                                                  ../scatter/main.o
gpio_enable_module_pin                            avr32/drivers/gpio/gpio.o
                                                  ../scatter/main.o
gpio_enable_pin_glitch_filter                     avr32/drivers/gpio/gpio.o
gpio_enable_pin_interrupt                         avr32/drivers/gpio/gpio.o
gpio_enable_pin_pull_up                           avr32/drivers/gpio/gpio.o
gpio_get_gpio_open_drain_pin_output_value         avr32/drivers/gpio/gpio.o
gpio_get_gpio_pin_output_value                    avr32/drivers/gpio/gpio.o
gpio_get_pin_interrupt_flag                       avr32/drivers/gpio/gpio.o
gpio_get_pin_value                                avr32/drivers/gpio/gpio.o
gpio_set_gpio_open_drain_pin                      avr32/drivers/gpio/gpio.o
gpio_set_gpio_pin                                 avr32/drivers/gpio/gpio.o
gpio_set_group_high                               avr32/drivers/gpio/gpio.o
gpio_set_group_low                                avr32/drivers/gpio/gpio.o
gpio_set_pin_high                                 avr32/drivers/gpio/gpio.o
gpio_set_pin_low                                  avr32/drivers/gpio/gpio.o